<html>
<body>
<pre>
<h1>µVision Build Log</h1>
<h2>Tool Versions:</h2>
IDE-Version: ¦ÌVision V5.35.0.0
Copyright (C) 2021 ARM Ltd and ARM Germany GmbH. All rights reserved.
License Information: 1 17309616906@163.com, 1, LIC=03C6R-KXWVX-VEYHA-1LTMI-ICFLR-0UJXT
 
Tool Versions:
Toolchain:       MDK-ARM Plus  Version: 5.35.0.2
Toolchain Path:  D:\Program Files\UV5\ARM\ARMCC\Bin
C Compiler:      Armcc.exe V5.06 update 7 (build 960)
Assembler:       Armasm.exe V5.06 update 7 (build 960)
Linker/Locator:  ArmLink.exe V5.06 update 7 (build 960)
Library Manager: ArmAr.exe V5.06 update 7 (build 960)
Hex Converter:   FromElf.exe V5.06 update 7 (build 960)
CPU DLL:         SARMCM3.DLL V5.35.0.2
Dialog DLL:      DCM.DLL V1.17.3.0
Target DLL:      UL2CM3.DLL V1.164.0.0
Dialog DLL:      TCM.DLL V1.53.0.0
 
<h2>Project:</h2>
D:\yofo_code\arm\SYKZ\PRX600_double\prx600_double\MDK-ARM\PRX600_double.uvprojx
Project File Date:  06/25/2025

<h2>Output:</h2>
*** Using Compiler 'V5.06 update 7 (build 960)', folder: 'D:\Program Files\UV5\ARM\ARMCC\Bin'
Rebuild target 'PRX600_double'
assembling startup_stm32g474xx.s...
compiling spi.c...
compiling usart.c...
compiling adc.c...
compiling stm32g4xx_ll_adc.c...
compiling main.c...
compiling dac.c...
compiling stm32g4xx_it.c...
compiling dma.c...
compiling stm32g4xx_hal_adc_ex.c...
compiling tim.c...
compiling gpio.c...
compiling stm32g4xx_hal_adc.c...
compiling iwdg.c...
compiling stm32g4xx_hal_msp.c...
compiling stm32g4xx_hal_rcc_ex.c...
compiling stm32g4xx_hal.c...
compiling stm32g4xx_hal_rcc.c...
compiling stm32g4xx_hal_flash_ex.c...
compiling stm32g4xx_hal_gpio.c...
compiling stm32g4xx_hal_flash.c...
compiling stm32g4xx_hal_flash_ramfunc.c...
compiling stm32g4xx_hal_exti.c...
compiling stm32g4xx_hal_dma.c...
compiling stm32g4xx_hal_dma_ex.c...
compiling stm32g4xx_hal_pwr_ex.c...
compiling stm32g4xx_hal_cortex.c...
compiling stm32g4xx_hal_pwr.c...
compiling stm32g4xx_hal_dac.c...
compiling temperature.c...
compiling stm32g4xx_hal_spi.c...
compiling stm32g4xx_hal_dac_ex.c...
compiling stm32g4xx_hal_tim.c...
compiling state_machine.c...
compiling stm32g4xx_hal_iwdg.c...
compiling stm32g4xx_hal_uart.c...
compiling stm32g4xx_hal_uart_ex.c...
compiling stm32g4xx_hal_tim_ex.c...
compiling stm32g4xx_hal_spi_ex.c...
compiling app_uart.c...
compiling system_stm32g4xx.c...
compiling app_spi.c...
compiling sys.c...
compiling delay.c...
compiling protect.c...
compiling xray.c...
compiling calibrate.c...
compiling pi_contorl.c...
compiling app_fun.c...
compiling exposure.c...
compiling comm_protocol.c...
compiling debug_mode.c...
compiling comm_string.c...
linking...
Program Size: Code=34764 RO-data=1348 RW-data=704 ZI-data=16440  
FromELF: creating hex file...
"PRX600_double\PRX600_double.axf" - 0 Error(s), 0 Warning(s).

<h2>Software Packages used:</h2>

Package Vendor: ARM
                http://www.keil.com/pack/ARM.CMSIS.5.8.0.pack
                ARM.CMSIS.5.8.0
                CMSIS (Common Microcontroller Software Interface Standard)
   * Component: CORE Version: 5.5.0

Package Vendor: Keil
                https://www.keil.com/pack/Keil.STM32G4xx_DFP.2.0.0.pack
                Keil.STM32G4xx_DFP.2.0.0
                STMicroelectronics STM32G4 Series Device Support

<h2>Collection of Component include folders:</h2>
  .\RTE\_PRX600_double
  D:\Program Files\UV5\Arm\Packs\ARM\CMSIS\5.8.0\CMSIS\Core\Include

<h2>Collection of Component Files used:</h2>

   * Component: ARM::CMSIS:CORE:5.5.0
      Include file:  CMSIS\Core\Include\tz_context.h
Build Time Elapsed:  00:00:26
</pre>
</body>
</html>
