Component: ARM Compiler 5.06 update 7 (build 960) Tool: armlink [4d3601]

==============================================================================

Section Cross References

    startup_stm32g474xx.o(STACK) refers (Special) to heapauxi.o(.text) for __use_two_region_memory
    startup_stm32g474xx.o(HEAP) refers (Special) to heapauxi.o(.text) for __use_two_region_memory
    startup_stm32g474xx.o(RESET) refers (Special) to heapauxi.o(.text) for __use_two_region_memory
    startup_stm32g474xx.o(RESET) refers to startup_stm32g474xx.o(STACK) for __initial_sp
    startup_stm32g474xx.o(RESET) refers to startup_stm32g474xx.o(.text) for Reset_Handler
    startup_stm32g474xx.o(RESET) refers to stm32g4xx_it.o(i.NMI_Handler) for NMI_Handler
    startup_stm32g474xx.o(RESET) refers to stm32g4xx_it.o(i.HardFault_Handler) for HardFault_Handler
    startup_stm32g474xx.o(RESET) refers to stm32g4xx_it.o(i.MemManage_Handler) for MemManage_Handler
    startup_stm32g474xx.o(RESET) refers to stm32g4xx_it.o(i.BusFault_Handler) for BusFault_Handler
    startup_stm32g474xx.o(RESET) refers to stm32g4xx_it.o(i.UsageFault_Handler) for UsageFault_Handler
    startup_stm32g474xx.o(RESET) refers to stm32g4xx_it.o(i.SVC_Handler) for SVC_Handler
    startup_stm32g474xx.o(RESET) refers to stm32g4xx_it.o(i.DebugMon_Handler) for DebugMon_Handler
    startup_stm32g474xx.o(RESET) refers to stm32g4xx_it.o(i.PendSV_Handler) for PendSV_Handler
    startup_stm32g474xx.o(RESET) refers to stm32g4xx_it.o(i.SysTick_Handler) for SysTick_Handler
    startup_stm32g474xx.o(RESET) refers to stm32g4xx_it.o(i.DMA1_Channel2_IRQHandler) for DMA1_Channel2_IRQHandler
    startup_stm32g474xx.o(RESET) refers to stm32g4xx_it.o(i.DMA1_Channel4_IRQHandler) for DMA1_Channel4_IRQHandler
    startup_stm32g474xx.o(RESET) refers to stm32g4xx_it.o(i.ADC1_2_IRQHandler) for ADC1_2_IRQHandler
    startup_stm32g474xx.o(RESET) refers to stm32g4xx_it.o(i.SPI1_IRQHandler) for SPI1_IRQHandler
    startup_stm32g474xx.o(RESET) refers to stm32g4xx_it.o(i.USART3_IRQHandler) for USART3_IRQHandler
    startup_stm32g474xx.o(RESET) refers to stm32g4xx_it.o(i.ADC3_IRQHandler) for ADC3_IRQHandler
    startup_stm32g474xx.o(RESET) refers to stm32g4xx_it.o(i.UART4_IRQHandler) for UART4_IRQHandler
    startup_stm32g474xx.o(RESET) refers to stm32g4xx_it.o(i.UART5_IRQHandler) for UART5_IRQHandler
    startup_stm32g474xx.o(RESET) refers to stm32g4xx_it.o(i.TIM6_DAC_IRQHandler) for TIM6_DAC_IRQHandler
    startup_stm32g474xx.o(RESET) refers to stm32g4xx_it.o(i.TIM7_DAC_IRQHandler) for TIM7_DAC_IRQHandler
    startup_stm32g474xx.o(.text) refers (Special) to heapauxi.o(.text) for __use_two_region_memory
    startup_stm32g474xx.o(.text) refers to system_stm32g4xx.o(i.SystemInit) for SystemInit
    startup_stm32g474xx.o(.text) refers to __main.o(!!!main) for __main
    startup_stm32g474xx.o(.text) refers to startup_stm32g474xx.o(HEAP) for Heap_Mem
    startup_stm32g474xx.o(.text) refers to startup_stm32g474xx.o(STACK) for Stack_Mem
    main.o(i.SystemClock_Config) refers to rt_memclr_w.o(.text) for __aeabi_memclr4
    main.o(i.SystemClock_Config) refers to stm32g4xx_hal_pwr_ex.o(i.HAL_PWREx_ControlVoltageScaling) for HAL_PWREx_ControlVoltageScaling
    main.o(i.SystemClock_Config) refers to stm32g4xx_hal_rcc.o(i.HAL_RCC_OscConfig) for HAL_RCC_OscConfig
    main.o(i.SystemClock_Config) refers to stm32g4xx_hal_rcc.o(i.HAL_RCC_ClockConfig) for HAL_RCC_ClockConfig
    main.o(i.main) refers to stm32g4xx_hal.o(i.HAL_Init) for HAL_Init
    main.o(i.main) refers to main.o(i.SystemClock_Config) for SystemClock_Config
    main.o(i.main) refers to gpio.o(i.MX_GPIO_Init) for MX_GPIO_Init
    main.o(i.main) refers to dma.o(i.MX_DMA_Init) for MX_DMA_Init
    main.o(i.main) refers to adc.o(i.MX_ADC2_Init) for MX_ADC2_Init
    main.o(i.main) refers to adc.o(i.MX_ADC3_Init) for MX_ADC3_Init
    main.o(i.main) refers to dac.o(i.MX_DAC1_Init) for MX_DAC1_Init
    main.o(i.main) refers to usart.o(i.MX_UART4_Init) for MX_UART4_Init
    main.o(i.main) refers to usart.o(i.MX_UART5_Init) for MX_UART5_Init
    main.o(i.main) refers to usart.o(i.MX_USART3_UART_Init) for MX_USART3_UART_Init
    main.o(i.main) refers to iwdg.o(i.MX_IWDG_Init) for MX_IWDG_Init
    main.o(i.main) refers to tim.o(i.MX_TIM6_Init) for MX_TIM6_Init
    main.o(i.main) refers to tim.o(i.MX_TIM7_Init) for MX_TIM7_Init
    main.o(i.main) refers to spi.o(i.MX_SPI1_Init) for MX_SPI1_Init
    main.o(i.main) refers to tim.o(i.MX_TIM5_Init) for MX_TIM5_Init
    main.o(i.main) refers to state_machine.o(i.StateMachine_Init) for StateMachine_Init
    main.o(i.main) refers to app_spi.o(i.bsp_read_info) for bsp_read_info
    main.o(i.main) refers to comm_string.o(i.registerFunc_init) for registerFunc_init
    main.o(i.main) refers to stm32g4xx_hal_tim.o(i.HAL_TIM_Base_Start_IT) for HAL_TIM_Base_Start_IT
    main.o(i.main) refers to comm_protocol.o(i.flash_table_init) for flash_table_init
    main.o(i.main) refers to comm_protocol.o(i.cmd_parser) for cmd_parser
[...]
    DMA1_Channel2_IRQHandler                 0x08002189   Thumb Code     6  stm32g4xx_it.o(i.DMA1_Channel2_IRQHandler)
    DMA1_Channel4_IRQHandler                 0x08002195   Thumb Code     6  stm32g4xx_it.o(i.DMA1_Channel4_IRQHandler)
    DebugMon_Handler                         0x08002205   Thumb Code     2  stm32g4xx_it.o(i.DebugMon_Handler)
    Error_Handler                            0x08002207   Thumb Code     4  main.o(i.Error_Handler)
    FaultReset                               0x0800220d   Thumb Code    80  app_fun.o(i.FaultReset)
    HAL_ADCEx_EndOfSamplingCallback          0x08002265   Thumb Code     2  stm32g4xx_hal_adc_ex.o(i.HAL_ADCEx_EndOfSamplingCallback)
    HAL_ADCEx_InjectedConvCpltCallback       0x08002267   Thumb Code     2  stm32g4xx_hal_adc_ex.o(i.HAL_ADCEx_InjectedConvCpltCallback)
    HAL_ADCEx_InjectedQueueOverflowCallback  0x08002269   Thumb Code     2  stm32g4xx_hal_adc_ex.o(i.HAL_ADCEx_InjectedQueueOverflowCallback)
    HAL_ADCEx_LevelOutOfWindow2Callback      0x0800226b   Thumb Code     2  stm32g4xx_hal_adc_ex.o(i.HAL_ADCEx_LevelOutOfWindow2Callback)
    HAL_ADCEx_LevelOutOfWindow3Callback      0x0800226d   Thumb Code     2  stm32g4xx_hal_adc_ex.o(i.HAL_ADCEx_LevelOutOfWindow3Callback)
    HAL_ADCEx_MultiModeConfigChannel         0x08002271   Thumb Code   312  stm32g4xx_hal_adc_ex.o(i.HAL_ADCEx_MultiModeConfigChannel)
    HAL_ADC_ConfigChannel                    0x080023c1   Thumb Code  1058  stm32g4xx_hal_adc.o(i.HAL_ADC_ConfigChannel)
    HAL_ADC_ConvCpltCallback                 0x08002825   Thumb Code     2  stm32g4xx_hal_adc.o(i.HAL_ADC_ConvCpltCallback)
    HAL_ADC_ErrorCallback                    0x08002827   Thumb Code     2  stm32g4xx_hal_adc.o(i.HAL_ADC_ErrorCallback)
    HAL_ADC_IRQHandler                       0x08002829   Thumb Code   674  stm32g4xx_hal_adc.o(i.HAL_ADC_IRQHandler)
    HAL_ADC_Init                             0x08002ae1   Thumb Code   514  stm32g4xx_hal_adc.o(i.HAL_ADC_Init)
    HAL_ADC_LevelOutOfWindowCallback         0x08002d15   Thumb Code     2  stm32g4xx_hal_adc.o(i.HAL_ADC_LevelOutOfWindowCallback)
    HAL_ADC_MspInit                          0x08002d19   Thumb Code   376  adc.o(i.HAL_ADC_MspInit)
    HAL_DACEx_DMAUnderrunCallbackCh2         0x08002eb1   Thumb Code     2  stm32g4xx_hal_dac_ex.o(i.HAL_DACEx_DMAUnderrunCallbackCh2)
    HAL_DAC_ConfigChannel                    0x08002eb5   Thumb Code   446  stm32g4xx_hal_dac.o(i.HAL_DAC_ConfigChannel)
    HAL_DAC_DMAUnderrunCallbackCh1           0x0800307d   Thumb Code     2  stm32g4xx_hal_dac.o(i.HAL_DAC_DMAUnderrunCallbackCh1)
    HAL_DAC_IRQHandler                       0x0800307f   Thumb Code   104  stm32g4xx_hal_dac.o(i.HAL_DAC_IRQHandler)
    HAL_DAC_Init                             0x080030e7   Thumb Code    40  stm32g4xx_hal_dac.o(i.HAL_DAC_Init)
    HAL_DAC_MspInit                          0x08003111   Thumb Code    98  dac.o(i.HAL_DAC_MspInit)
    HAL_DAC_SetValue                         0x0800317d   Thumb Code    36  stm32g4xx_hal_dac.o(i.HAL_DAC_SetValue)
    HAL_DMA_Abort                            0x080031a1   Thumb Code   106  stm32g4xx_hal_dma.o(i.HAL_DMA_Abort)
    HAL_DMA_Abort_IT                         0x0800320b   Thumb Code   120  stm32g4xx_hal_dma.o(i.HAL_DMA_Abort_IT)
    HAL_DMA_IRQHandler                       0x08003283   Thumb Code   186  stm32g4xx_hal_dma.o(i.HAL_DMA_IRQHandler)
    HAL_DMA_Init                             0x0800333d   Thumb Code   178  stm32g4xx_hal_dma.o(i.HAL_DMA_Init)
    HAL_GPIO_Init                            0x080033fd   Thumb Code   400  stm32g4xx_hal_gpio.o(i.HAL_GPIO_Init)
    HAL_GPIO_WritePin                        0x080035ad   Thumb Code    10  stm32g4xx_hal_gpio.o(i.HAL_GPIO_WritePin)
    HAL_GetTick                              0x080035b9   Thumb Code     6  stm32g4xx_hal.o(i.HAL_GetTick)
    HAL_IWDG_Init                            0x080035c5   Thumb Code   100  stm32g4xx_hal_iwdg.o(i.HAL_IWDG_Init)
    HAL_IncTick                              0x08003629   Thumb Code    12  stm32g4xx_hal.o(i.HAL_IncTick)
    HAL_Init                                 0x08003639   Thumb Code    30  stm32g4xx_hal.o(i.HAL_Init)
    HAL_InitTick                             0x08003659   Thumb Code    58  stm32g4xx_hal.o(i.HAL_InitTick)
    HAL_MspInit                              0x0800369d   Thumb Code    42  stm32g4xx_hal_msp.o(i.HAL_MspInit)
    HAL_NVIC_EnableIRQ                       0x080036cd   Thumb Code    26  stm32g4xx_hal_cortex.o(i.HAL_NVIC_EnableIRQ)
    HAL_NVIC_SetPriority                     0x080036e9   Thumb Code    60  stm32g4xx_hal_cortex.o(i.HAL_NVIC_SetPriority)
    HAL_NVIC_SetPriorityGrouping             0x08003729   Thumb Code    26  stm32g4xx_hal_cortex.o(i.HAL_NVIC_SetPriorityGrouping)
    HAL_PWREx_ControlVoltageScaling          0x0800374d   Thumb Code   174  stm32g4xx_hal_pwr_ex.o(i.HAL_PWREx_ControlVoltageScaling)
    HAL_PWREx_DisableUCPDDeadBattery         0x08003809   Thumb Code    12  stm32g4xx_hal_pwr_ex.o(i.HAL_PWREx_DisableUCPDDeadBattery)
    HAL_RCCEx_PeriphCLKConfig                0x08003819   Thumb Code   782  stm32g4xx_hal_rcc_ex.o(i.HAL_RCCEx_PeriphCLKConfig)
    HAL_RCC_ClockConfig                      0x08003b31   Thumb Code   442  stm32g4xx_hal_rcc.o(i.HAL_RCC_ClockConfig)
    HAL_RCC_GetHCLKFreq                      0x08003d0d   Thumb Code     6  stm32g4xx_hal_rcc.o(i.HAL_RCC_GetHCLKFreq)
    HAL_RCC_GetPCLK1Freq                     0x08003d19   Thumb Code    24  stm32g4xx_hal_rcc.o(i.HAL_RCC_GetPCLK1Freq)
    HAL_RCC_GetPCLK2Freq                     0x08003d3d   Thumb Code    24  stm32g4xx_hal_rcc.o(i.HAL_RCC_GetPCLK2Freq)
    HAL_RCC_GetSysClockFreq                  0x08003d61   Thumb Code    98  stm32g4xx_hal_rcc.o(i.HAL_RCC_GetSysClockFreq)
    HAL_RCC_OscConfig                        0x08003dd1   Thumb Code   992  stm32g4xx_hal_rcc.o(i.HAL_RCC_OscConfig)
    HAL_SPI_ErrorCallback                    0x080041c5   Thumb Code     8  app_spi.o(i.HAL_SPI_ErrorCallback)
    HAL_SPI_IRQHandler                       0x080041d1   Thumb Code   246  stm32g4xx_hal_spi.o(i.HAL_SPI_IRQHandler)
    HAL_SPI_Init                             0x080042cd   Thumb Code   234  stm32g4xx_hal_spi.o(i.HAL_SPI_Init)
    HAL_SPI_MspInit                          0x080043b9   Thumb Code   142  spi.o(i.HAL_SPI_MspInit)
    HAL_SPI_RxCpltCallback                   0x08004455   Thumb Code     2  stm32g4xx_hal_spi.o(i.HAL_SPI_RxCpltCallback)
    HAL_SPI_TransmitReceive_IT               0x08004459   Thumb Code   172  stm32g4xx_hal_spi.o(i.HAL_SPI_TransmitReceive_IT)
    HAL_SPI_TxRxCpltCallback                 0x08004515   Thumb Code     8  app_spi.o(i.HAL_SPI_TxRxCpltCallback)
    HAL_SYSTICK_Config                       0x08004521   Thumb Code    40  stm32g4xx_hal_cortex.o(i.HAL_SYSTICK_Config)
    HAL_TIMEx_Break2Callback                 0x08004549   Thumb Code     2  stm32g4xx_hal_tim_ex.o(i.HAL_TIMEx_Break2Callback)
    HAL_TIMEx_BreakCallback                  0x0800454b   Thumb Code     2  stm32g4xx_hal_tim_ex.o(i.HAL_TIMEx_BreakCallback)
    HAL_TIMEx_CommutCallback                 0x0800454d   Thumb Code     2  stm32g4xx_hal_tim_ex.o(i.HAL_TIMEx_CommutCallback)
    HAL_TIMEx_DirectionChangeCallback        0x0800454f   Thumb Code     2  stm32g4xx_hal_tim_ex.o(i.HAL_TIMEx_DirectionChangeCallback)
    HAL_TIMEx_EncoderIndexCallback           0x08004551   Thumb Code     2  stm32g4xx_hal_tim_ex.o(i.HAL_TIMEx_EncoderIndexCallback)
    HAL_TIMEx_IndexErrorCallback             0x08004553   Thumb Code     2  stm32g4xx_hal_tim_ex.o(i.HAL_TIMEx_IndexErrorCallback)
    HAL_TIMEx_MasterConfigSynchronization    0x08004555   Thumb Code   150  stm32g4xx_hal_tim_ex.o(i.HAL_TIMEx_MasterConfigSynchronization)
    HAL_TIMEx_TransitionErrorCallback        0x0800460d   Thumb Code     2  stm32g4xx_hal_tim_ex.o(i.HAL_TIMEx_TransitionErrorCallback)
    HAL_TIM_Base_Init                        0x0800460f   Thumb Code    98  stm32g4xx_hal_tim.o(i.HAL_TIM_Base_Init)
    HAL_TIM_Base_MspInit                     0x08004671   Thumb Code    86  tim.o(i.HAL_TIM_Base_MspInit)
    HAL_TIM_Base_Start_IT                    0x080046d5   Thumb Code   106  stm32g4xx_hal_tim.o(i.HAL_TIM_Base_Start_IT)
    HAL_TIM_IC_CaptureCallback               0x08004761   Thumb Code     2  stm32g4xx_hal_tim.o(i.HAL_TIM_IC_CaptureCallback)
    HAL_TIM_IRQHandler                       0x08004763   Thumb Code   418  stm32g4xx_hal_tim.o(i.HAL_TIM_IRQHandler)
    HAL_TIM_MspPostInit                      0x08004905   Thumb Code    70  tim.o(i.HAL_TIM_MspPostInit)
    HAL_TIM_OC_DelayElapsedCallback          0x08004955   Thumb Code     2  stm32g4xx_hal_tim.o(i.HAL_TIM_OC_DelayElapsedCallback)
    HAL_TIM_PWM_ConfigChannel                0x08004957   Thumb Code   292  stm32g4xx_hal_tim.o(i.HAL_TIM_PWM_ConfigChannel)
    HAL_TIM_PWM_Init                         0x08004a7b   Thumb Code    98  stm32g4xx_hal_tim.o(i.HAL_TIM_PWM_Init)
    HAL_TIM_PWM_MspInit                      0x08004add   Thumb Code    30  tim.o(i.HAL_TIM_PWM_MspInit)
    HAL_TIM_PWM_PulseFinishedCallback        0x08004b05   Thumb Code     2  stm32g4xx_hal_tim.o(i.HAL_TIM_PWM_PulseFinishedCallback)
    HAL_TIM_PeriodElapsedCallback            0x08004b07   Thumb Code     2  stm32g4xx_hal_tim.o(i.HAL_TIM_PeriodElapsedCallback)
    HAL_TIM_TriggerCallback                  0x08004b09   Thumb Code     2  stm32g4xx_hal_tim.o(i.HAL_TIM_TriggerCallback)
    HAL_UARTEx_DisableFifoMode               0x08004b0b   Thumb Code    62  stm32g4xx_hal_uart_ex.o(i.HAL_UARTEx_DisableFifoMode)
    HAL_UARTEx_RxEventCallback               0x08004b49   Thumb Code     2  stm32g4xx_hal_uart.o(i.HAL_UARTEx_RxEventCallback)
    HAL_UARTEx_RxFifoFullCallback            0x08004b4b   Thumb Code     2  stm32g4xx_hal_uart_ex.o(i.HAL_UARTEx_RxFifoFullCallback)
    HAL_UARTEx_SetRxFifoThreshold            0x08004b4d   Thumb Code    76  stm32g4xx_hal_uart_ex.o(i.HAL_UARTEx_SetRxFifoThreshold)
    HAL_UARTEx_SetTxFifoThreshold            0x08004b99   Thumb Code    76  stm32g4xx_hal_uart_ex.o(i.HAL_UARTEx_SetTxFifoThreshold)
    HAL_UARTEx_TxFifoEmptyCallback           0x08004be5   Thumb Code     2  stm32g4xx_hal_uart_ex.o(i.HAL_UARTEx_TxFifoEmptyCallback)
    HAL_UARTEx_WakeupCallback                0x08004be7   Thumb Code     2  stm32g4xx_hal_uart_ex.o(i.HAL_UARTEx_WakeupCallback)
    HAL_UART_ErrorCallback                   0x08004be9   Thumb Code     2  stm32g4xx_hal_uart.o(i.HAL_UART_ErrorCallback)
    HAL_UART_IRQHandler                      0x08004bed   Thumb Code   782  stm32g4xx_hal_uart.o(i.HAL_UART_IRQHandler)
    HAL_UART_Init                            0x08004f09   Thumb Code   106  stm32g4xx_hal_uart.o(i.HAL_UART_Init)
    HAL_UART_MspInit                         0x08004f75   Thumb Code   392  usart.o(i.HAL_UART_MspInit)
    HAL_UART_Receive_IT                      0x0800511d   Thumb Code    66  stm32g4xx_hal_uart.o(i.HAL_UART_Receive_IT)
    HAL_UART_RxCpltCallback                  0x08005165   Thumb Code   178  app_uart.o(i.HAL_UART_RxCpltCallback)
    HAL_UART_Transmit                        0x08005235   Thumb Code   174  stm32g4xx_hal_uart.o(i.HAL_UART_Transmit)
    HAL_UART_TxCpltCallback                  0x080052e3   Thumb Code     2  stm32g4xx_hal_uart.o(i.HAL_UART_TxCpltCallback)
    HVhwversion                              0x080052e5   Thumb Code    16  app_fun.o(i.HVhwversion)
    HVswversion                              0x080052f9   Thumb Code    34  app_fun.o(i.HVswversion)
    HardFault_Handler                        0x08005321   Thumb Code     2  stm32g4xx_it.o(i.HardFault_Handler)
    InqHVPS1LastVandC                        0x08005323   Thumb Code     2  app_fun.o(i.InqHVPS1LastVandC)
    InqHVPSExpo_Count                        0x08005325   Thumb Code    18  app_fun.o(i.InqHVPSExpo_Count)
    InqHVPSExpo_Time1                        0x0800533d   Thumb Code    18  app_fun.o(i.InqHVPSExpo_Time1)
    InqHVPSFault                             0x08005355   Thumb Code   134  protect.o(i.InqHVPSFault)
    InqHVPSTemp                              0x080053e9   Thumb Code    26  app_fun.o(i.InqHVPSTemp)
    Inqautocalibra                           0x08005409   Thumb Code    48  app_fun.o(i.Inqautocalibra)
    Inqixay1HVPSCurrentset                   0x0800543d   Thumb Code     2  app_fun.o(i.Inqixay1HVPSCurrentset)
    Inqmaxtimeset                            0x08005441   Thumb Code    22  app_fun.o(i.Inqmaxtimeset)
    Lampcontrol                              0x080054c9   Thumb Code    74  app_fun.o(i.Lampcontrol)
    MX_ADC2_Init                             0x08005521   Thumb Code   188  adc.o(i.MX_ADC2_Init)
    MX_ADC3_Init                             0x080055f5   Thumb Code   210  adc.o(i.MX_ADC3_Init)
    MX_DAC1_Init                             0x080056e1   Thumb Code    96  dac.o(i.MX_DAC1_Init)
    MX_DMA_Init                              0x08005749   Thumb Code    72  dma.o(i.MX_DMA_Init)
    MX_GPIO_Init                             0x08005795   Thumb Code   316  gpio.o(i.MX_GPIO_Init)
    MX_IWDG_Init                             0x080058e9   Thumb Code    36  iwdg.o(i.MX_IWDG_Init)
    MX_SPI1_Init                             0x08005915   Thumb Code    72  spi.o(i.MX_SPI1_Init)
    MX_TIM5_Init                             0x08005965   Thumb Code   102  tim.o(i.MX_TIM5_Init)
    MX_TIM6_Init                             0x080059d5   Thumb Code    60  tim.o(i.MX_TIM6_Init)
    MX_TIM7_Init                             0x08005a19   Thumb Code    62  tim.o(i.MX_TIM7_Init)
    MX_UART4_Init                            0x08005a61   Thumb Code    94  usart.o(i.MX_UART4_Init)
    MX_UART5_Init                            0x08005ac9   Thumb Code    94  usart.o(i.MX_UART5_Init)
    MX_USART3_UART_Init                      0x08005b31   Thumb Code    94  usart.o(i.MX_USART3_UART_Init)
    MemManage_Handler                        0x08005b99   Thumb Code     2  stm32g4xx_it.o(i.MemManage_Handler)
    NMI_Handler                              0x08005b9b   Thumb Code     2  stm32g4xx_it.o(i.NMI_Handler)
    PendSV_Handler                           0x08005b9d   Thumb Code     2  stm32g4xx_it.o(i.PendSV_Handler)
    Protect_Check_Slow                       0x08005ba1   Thumb Code    54  protect.o(i.Protect_Check_Slow)
    SPI1_IRQHandler                          0x08005bdd   Thumb Code     6  stm32g4xx_it.o(i.SPI1_IRQHandler)
    SVC_Handler                              0x08005f41   Thumb Code     2  stm32g4xx_it.o(i.SVC_Handler)
    SetHV1TubeVoltageandcurrent              0x08005f45   Thumb Code   232  app_fun.o(i.SetHV1TubeVoltageandcurrent)
    SetHVLampCurrent                         0x08006045   Thumb Code     2  app_fun.o(i.SetHVLampCurrent)
    SetHVPSMode                              0x08006049   Thumb Code    42  app_fun.o(i.SetHVPSMode)
    SetHVTubeIdleVoltage                     0x08006079   Thumb Code     2  app_fun.o(i.SetHVTubeIdleVoltage)
    SetHVTubeRisingTime                      0x0800607d   Thumb Code    64  app_fun.o(i.SetHVTubeRisingTime)
    SetOnlinePI                              0x080060c1   Thumb Code     2  app_fun.o(i.SetOnlinePI)
    Setmaxexpotime                           0x080060c5   Thumb Code    72  app_fun.o(i.Setmaxexpotime)
    StateMachine_Init                        0x08006115   Thumb Code     8  state_machine.o(i.StateMachine_Init)
    StateMachine_Run                         0x08006121   Thumb Code     8  state_machine.o(i.StateMachine_Run)
    StoreLookupTable                         0x0800612d   Thumb Code     2  app_fun.o(i.StoreLookupTable)
    StoreLookupTableINQ                      0x0800612f   Thumb Code     2  app_fun.o(i.StoreLookupTableINQ)
    StoreStatistics                          0x08006131   Thumb Code     2  app_fun.o(i.StoreStatistics)
    SysTick_Handler                          0x08006133   Thumb Code     4  stm32g4xx_it.o(i.SysTick_Handler)
    SystemClock_Config                       0x08006137   Thumb Code   110  main.o(i.SystemClock_Config)
    SystemInit                               0x080061a5   Thumb Code    12  system_stm32g4xx.o(i.SystemInit)
    TIM6_DAC_IRQHandler                      0x080061b5   Thumb Code    18  stm32g4xx_it.o(i.TIM6_DAC_IRQHandler)
    TIM7_DAC_IRQHandler                      0x080061d1   Thumb Code     6  stm32g4xx_it.o(i.TIM7_DAC_IRQHandler)
    TIM_Base_SetConfig                       0x080061dd   Thumb Code   190  stm32g4xx_hal_tim.o(i.TIM_Base_SetConfig)
    TIM_OC2_SetConfig                        0x0800636d   Thumb Code   132  stm32g4xx_hal_tim.o(i.TIM_OC2_SetConfig)
    UART4_IRQHandler                         0x08006641   Thumb Code     6  stm32g4xx_it.o(i.UART4_IRQHandler)
    UART5_IRQHandler                         0x0800664d   Thumb Code     6  stm32g4xx_it.o(i.UART5_IRQHandler)
    UART_AdvFeatureConfig                    0x0800669d   Thumb Code   200  stm32g4xx_hal_uart.o(i.UART_AdvFeatureConfig)
    UART_CheckIdleState                      0x08006765   Thumb Code   172  stm32g4xx_hal_uart.o(i.UART_CheckIdleState)
    UART_SetConfig                           0x08006d3d   Thumb Code   616  stm32g4xx_hal_uart.o(i.UART_SetConfig)
    UART_Start_Receive_IT                    0x08006fd5   Thumb Code   256  stm32g4xx_hal_uart.o(i.UART_Start_Receive_IT)
    UART_WaitOnFlagUntilTimeout              0x080070e5   Thumb Code   146  stm32g4xx_hal_uart.o(i.UART_WaitOnFlagUntilTimeout)
    USART3_IRQHandler                        0x08007179   Thumb Code     6  stm32g4xx_it.o(i.USART3_IRQHandler)
    UsageFault_Handler                       0x08007185   Thumb Code     2  stm32g4xx_it.o(i.UsageFault_Handler)
    __ARM_fpclassify                         0x08007187   Thumb Code    48  fpclassify.o(i.__ARM_fpclassify)
    _is_digit                                0x080071d7   Thumb Code    14  __printf_wp.o(i._is_digit)
    bsp_erase_sector                         0x080073b5   Thumb Code    70  app_spi.o(i.bsp_erase_sector)
    bsp_page_write                           0x08007405   Thumb Code   168  app_spi.o(i.bsp_page_write)
    bsp_read_buffer                          0x080074b5   Thumb Code   152  app_spi.o(i.bsp_read_buffer)
    bsp_read_flash_id                        0x08007559   Thumb Code    68  app_spi.o(i.bsp_read_flash_id)
    bsp_read_info                            0x080075a9   Thumb Code    76  app_spi.o(i.bsp_read_info)
    bsp_spi_transfer                         0x08007629   Thumb Code    46  app_spi.o(i.bsp_spi_transfer)
    bsp_write_buffer                         0x080076dd   Thumb Code   208  app_spi.o(i.bsp_write_buffer)
    calibrate_para_init                      0x080077ed   Thumb Code    48  calibrate.o(i.calibrate_para_init)
    cmd_parser                               0x08007831   Thumb Code    62  comm_protocol.o(i.cmd_parser)
    cmd_parser_string                        0x08007881   Thumb Code    82  comm_string.o(i.cmd_parser_string)
    cmd_process                              0x080078f5   Thumb Code   136  comm_protocol.o(i.cmd_process)
    config_HVEn_signal                       0x08007991   Thumb Code    16  xray.o(i.config_HVEn_signal)
    config_fault_signal                      0x080079a5   Thumb Code    20  xray.o(i.config_fault_signal)
    config_filamentOn_signal                 0x080079bd   Thumb Code    16  xray.o(i.config_filamentOn_signal)
    config_mcuLock_signal                    0x080079d1   Thumb Code    16  xray.o(i.config_mcuLock_signal)
    config_ready_signal                      0x080079e5   Thumb Code    20  xray.o(i.config_ready_signal)
    config_reset_signal                      0x080079fd   Thumb Code    16  xray.o(i.config_reset_signal)
    config_xrayOn_signal                     0x08007a11   Thumb Code    20  xray.o(i.config_xrayOn_signal)
    debug_expo_ctrl                          0x08007a29   Thumb Code    78  app_fun.o(i.debug_expo_ctrl)
    debug_tx3                                0x08007a81   Thumb Code    38  app_uart.o(i.debug_tx3)
    disable_filamentref                      0x08007aad   Thumb Code    12  comm_protocol.o(i.disable_filamentref)
    disable_hvref                            0x08007abd   Thumb Code    12  comm_protocol.o(i.disable_hvref)
    exp1countclr                             0x08007acd   Thumb Code    50  app_fun.o(i.exp1countclr)
    exp1timeclr                              0x08007b05   Thumb Code    50  app_fun.o(i.exp1timeclr)
    falut_led                                0x08007b3d   Thumb Code    18  xray.o(i.falut_led)
    flash_table_init                         0x08007b55   Thumb Code   118  comm_protocol.o(i.flash_table_init)
    fun_null                                 0x08007bd9   Thumb Code     2  app_fun.o(i.fun_null)
    func_getTable                            0x08007bdd   Thumb Code   138  comm_string.o(i.func_getTable)
    func_setCurrRef                          0x08007cb5   Thumb Code    26  comm_string.o(i.func_setCurrRef)
    func_setCurrRef_c                        0x08007ce5   Thumb Code    26  comm_string.o(i.func_setCurrRef_c)
    func_setCurrvalue                        0x08007d15   Thumb Code     4  comm_string.o(i.func_setCurrvalue)
    func_setCurrvalue_c                      0x08007d19   Thumb Code     4  comm_string.o(i.func_setCurrvalue_c)
    get_flash_parament                       0x08007d1d   Thumb Code     8  app_spi.o(i.get_flash_parament)
    get_hv_state                             0x08007d25   Thumb Code     6  comm_protocol.o(i.get_hv_state)
    init_para_table                          0x08007d31   Thumb Code    42  comm_string.o(i.init_para_table)
    invalid_cmd_reply                        0x08007d71   Thumb Code    10  app_fun.o(i.invalid_cmd_reply)
    lamphwversion                            0x08007d7d   Thumb Code    44  app_fun.o(i.lamphwversion)
    lampswversion                            0x08007dad   Thumb Code    16  app_fun.o(i.lampswversion)
    main                                     0x08007dc1   Thumb Code   106  main.o(i.main)
    message_check                            0x08007e35   Thumb Code    60  comm_protocol.o(i.message_check)
    registerFunc_init                        0x08007e81   Thumb Code   298  comm_string.o(i.registerFunc_init)
    restart_usart_receive                    0x080080e5   Thumb Code    76  app_uart.o(i.restart_usart_receive)
    save_parament_to_flash                   0x0800814d   Thumb Code     8  comm_protocol.o(i.save_parament_to_flash)
    send_message                             0x08008159   Thumb Code    96  app_uart.o(i.send_message)
    set_enable                               0x080081c9   Thumb Code    86  comm_string.o(i.set_enable)
    set_expo_mode                            0x08008249   Thumb Code    64  comm_string.o(i.set_expo_mode)
    set_expo_time                            0x080082a9   Thumb Code    96  comm_string.o(i.set_expo_time)
    set_filament_onoff                       0x08008349   Thumb Code    74  comm_string.o(i.set_filament_onoff)
    set_filament_ref_onoff                   0x080083b1   Thumb Code   142  comm_string.o(i.set_filament_ref_onoff)
    set_hv_on                                0x08008471   Thumb Code    24  comm_string.o(i.set_hv_on)
    set_hv_state                             0x08008499   Thumb Code     6  comm_protocol.o(i.set_hv_state)
    set_ref_onoff                            0x080084a5   Thumb Code    34  comm_string.o(i.set_ref_onoff)
    set_ref_test                             0x080084e1   Thumb Code   172  comm_string.o(i.set_ref_test)
    set_reset                                0x080085d1   Thumb Code    18  comm_string.o(i.set_reset)
    set_tube_vol_curr                        0x080085f1   Thumb Code   162  comm_string.o(i.set_tube_vol_curr)
    start_calibrate                          0x080086cd   Thumb Code    64  comm_string.o(i.start_calibrate)
    unpackCmd_savePara                       0x0800872d   Thumb Code   102  comm_string.o(i.unpackCmd_savePara)
    wirte_flash_parament                     0x080087c1   Thumb Code     8  app_spi.o(i.wirte_flash_parament)
    xray_CT_disable                          0x080087c9   Thumb Code    44  exposure.o(i.xray_CT_disable)
    xray_HV_enable_debug                     0x080087f5   Thumb Code    24  debug_mode.o(i.xray_HV_enable_debug)
    xray_system_disable                      0x0800880d   Thumb Code    18  comm_protocol.o(i.xray_system_disable)
    xsourcetype                              0x08008825   Thumb Code    36  app_fun.o(i.xsourcetype)
    _get_lc_ctype                            0x0800884d   Thumb Code    44  lc_ctype_c.o(locale$$code)
    _get_lc_numeric                          0x08008879   Thumb Code    44  lc_numeric_c.o(locale$$code)
    __fpl_dretinf                            0x080088a5   Thumb Code    12  dretinf.o(x$fpl$dretinf)
    __aeabi_f2d                              0x080088b1   Thumb Code     0  f2d.o(x$fpl$f2d)
    _f2d                                     0x080088b1   Thumb Code    86  f2d.o(x$fpl$f2d)
    __fpl_fnaninf                            0x08008907   Thumb Code   140  fnaninf.o(x$fpl$fnaninf)
    _fp_init                                 0x08008993   Thumb Code    10  fpinit.o(x$fpl$fpinit)
    __fplib_config_fpu_vfp                   0x0800899b   Thumb Code     0  fpinit.o(x$fpl$fpinit)
    __fplib_config_pureend_doubles           0x0800899b   Thumb Code     0  fpinit.o(x$fpl$fpinit)
    _printf_fp_dec                           0x0800899d   Thumb Code     4  printf1.o(x$fpl$printf1)
    _printf_fp_hex                           0x080089a1   Thumb Code     4  printf2.o(x$fpl$printf2)
    UARTPrescTable                           0x080089a4   Data          24  stm32g4xx_hal_uart.o(.constdata)
    __I$use$fp                               0x080089a4   Number         0  usenofp.o(x$fpl$usenofp)
    AHBPrescTable                            0x080089cc   Data          16  system_stm32g4xx.o(.constdata)
    APBPrescTable                            0x080089dc   Data           8  system_stm32g4xx.o(.constdata)
    Region$$Table$$Base                      0x08008bc4   Number         0  anon$$obj.o(Region$$Table)
    Region$$Table$$Limit                     0x08008be4   Number         0  anon$$obj.o(Region$$Table)
    __ctype                                  0x08008bf1   Data           0  lc_ctype_c.o(locale$$data)
    uwTickPrio                               0x20000000   Data           4  stm32g4xx_hal.o(.data)
    uwTickFreq                               0x20000004   Data           4  stm32g4xx_hal.o(.data)
    uwTick                                   0x20000008   Data           4  stm32g4xx_hal.o(.data)
    SystemCoreClock                          0x2000000c   Data           4  system_stm32g4xx.o(.data)
    g_state                                  0x20000010   Data           1  state_machine.o(.data)
    wTransferState                           0x20000014   Data           4  app_spi.o(.data)
    g_spiLen                                 0x20000018   Data           4  app_spi.o(.data)
    hv_state                                 0x20000020   Data           1  comm_protocol.o(.data)
    ctrl_data                                0x20000021   Data           7  comm_protocol.o(.data)
    parm_table                               0x20000028   Data         156  comm_protocol.o(.data)
    sampled_data                             0x200000c4   Data          36  comm_protocol.o(.data)
    para_range                               0x200000e8   Data          96  comm_protocol.o(.data)
    version                                  0x20000148   Data          10  comm_protocol.o(.data)
    funcs                                    0x20000154   Data         360  app_fun.o(.data)
    hadc2                                    0x200002c0   Data         108  adc.o(.bss)
    hadc3                                    0x2000032c   Data         108  adc.o(.bss)
    hdma_adc2                                0x20000398   Data          96  adc.o(.bss)
    hdma_adc3                                0x200003f8   Data          96  adc.o(.bss)
    hdac1                                    0x20000458   Data          20  dac.o(.bss)
    hiwdg                                    0x2000046c   Data          16  iwdg.o(.bss)
    htim5                                    0x2000047c   Data          76  tim.o(.bss)
    htim6                                    0x200004c8   Data          76  tim.o(.bss)
    htim7                                    0x20000514   Data          76  tim.o(.bss)
    huart4                                   0x20000560   Data         148  usart.o(.bss)
    huart5                                   0x200005f4   Data         148  usart.o(.bss)
    huart3                                   0x20000688   Data         148  usart.o(.bss)
    uart3                                    0x2000071c   Data         216  app_uart.o(.bss)
    uart4                                    0x200007f4   Data         216  app_uart.o(.bss)
    uart5                                    0x200008cc   Data         216  app_uart.o(.bss)
    hspi1                                    0x200009a4   Data         100  app_spi.o(.bss)
    flash_parpm                              0x20000a08   Data          28  app_spi.o(.bss)
    g_spiTxBuf                               0x20000a24   Data        4096  app_spi.o(.bss)
    g_spiRxBuf                               0x20001a24   Data        4096  app_spi.o(.bss)
    mHVPS_Fault                              0x20003a24   Data          12  protect.o(.bss)
    xray_data                                0x20003a30   Data          92  exposure.o(.bss)
    cali_data                                0x20003a8c   Data          36  calibrate.o(.bss)
    config_data                              0x20003ab0   Data          56  comm_protocol.o(.bss)
    cmd_pack                                 0x20003ae8   Data         408  comm_string.o(.bss)
    debug_data                               0x20003c80   Data          20  debug_mode.o(.bss)
    __libspace_start                         0x20003c94   Data          96  libspace.o(.bss)
    __temporary_stack_top$libspace           0x20003cf4   Data           0  libspace.o(.bss)



==============================================================================

Memory Map of the image

  Image Entry point : 0x080001d9

  Load Region LR_IROM1 (Base: 0x08000000, Size: 0x00008fd0, Max: 0x00080000, ABSOLUTE, COMPRESSED[0x00008ea8])

    Execution Region ER_IROM1 (Exec base: 0x08000000, Load base: 0x08000000, Size: 0x00008d10, Max: 0x00080000, ABSOLUTE)

    Exec Addr    Load Addr    Size         Type   Attr      Idx    E Section Name        Object

    0x08000000   0x08000000   0x000001d8   Data   RO            3    RESET               startup_stm32g474xx.o
    0x080001d8   0x080001d8   0x00000008   Code   RO         6413  * !!!main             c_w.l(__main.o)
    0x080001e0   0x080001e0   0x00000034   Code   RO         6803    !!!scatter          c_w.l(__scatter.o)
    0x08000214   0x08000214   0x0000005a   Code   RO         6801    !!dczerorl2         c_w.l(__dczerorl2.o)
    0x0800026e   0x0800026e   0x00000002   PAD
    0x08000270   0x08000270   0x0000001c   Code   RO         6805    !!handler_zi        c_w.l(__scatter_zi.o)
    0x0800028c   0x0800028c   0x00000000   Code   RO         6530    .ARM.Collect$$_printf_percent$$00000000  c_w.l(_printf_percent.o)
    0x0800028c   0x0800028c   0x00000006   Code   RO         6519    .ARM.Collect$$_printf_percent$$00000001  c_w.l(_printf_n.o)
    0x08000292   0x08000292   0x00000006   Code   RO         6521    .ARM.Collect$$_printf_percent$$00000002  c_w.l(_printf_p.o)
    0x08000298   0x08000298   0x00000006   Code   RO         6526    .ARM.Collect$$_printf_percent$$00000003  c_w.l(_printf_f.o)
    0x0800029e   0x0800029e   0x00000006   Code   RO         6527    .ARM.Collect$$_printf_percent$$00000004  c_w.l(_printf_e.o)
    0x080002a4   0x080002a4   0x00000006   Code   RO         6528    .ARM.Collect$$_printf_percent$$00000005  c_w.l(_printf_g.o)
    0x080002aa   0x080002aa   0x00000006   Code   RO         6529    .ARM.Collect$$_printf_percent$$00000006  c_w.l(_printf_a.o)
    0x080002b0   0x080002b0   0x0000000a   Code   RO         6534    .ARM.Collect$$_printf_percent$$00000007  c_w.l(_printf_ll.o)
    0x080002ba   0x080002ba   0x00000006   Code   RO         6523    .ARM.Collect$$_printf_percent$$00000008  c_w.l(_printf_i.o)
    0x080002c0   0x080002c0   0x00000006   Code   RO         6524    .ARM.Collect$$_printf_percent$$00000009  c_w.l(_printf_d.o)
    0x080002c6   0x080002c6   0x00000006   Code   RO         6525    .ARM.Collect$$_printf_percent$$0000000A  c_w.l(_printf_u.o)
    0x080002cc   0x080002cc   0x00000006   Code   RO         6522    .ARM.Collect$$_printf_percent$$0000000B  c_w.l(_printf_o.o)
    0x080002d2   0x080002d2   0x00000006   Code   RO         6520    .ARM.Collect$$_printf_percent$$0000000C  c_w.l(_printf_x.o)
    0x080002d8   0x080002d8   0x00000006   Code   RO         6531    .ARM.Collect$$_printf_percent$$0000000D  c_w.l(_printf_lli.o)
    0x080002de   0x080002de   0x00000006   Code   RO         6532    .ARM.Collect$$_printf_percent$$0000000E  c_w.l(_printf_lld.o)
    0x080002e4   0x080002e4   0x00000006   Code   RO         6533    .ARM.Collect$$_printf_percent$$0000000F  c_w.l(_printf_llu.o)
    0x080002ea   0x080002ea   0x00000006   Code   RO         6538    .ARM.Collect$$_printf_percent$$00000010  c_w.l(_printf_llo.o)
    0x080002f0   0x080002f0   0x00000006   Code   RO         6539    .ARM.Collect$$_printf_percent$$00000011  c_w.l(_printf_llx.o)
    0x080002f6   0x080002f6   0x0000000a   Code   RO         6535    .ARM.Collect$$_printf_percent$$00000012  c_w.l(_printf_l.o)
    0x08000300   0x08000300   0x00000006   Code   RO         6517    .ARM.Collect$$_printf_percent$$00000013  c_w.l(_printf_c.o)
    0x08000306   0x08000306   0x00000006   Code   RO         6518    .ARM.Collect$$_printf_percent$$00000014  c_w.l(_printf_s.o)
    0x0800030c   0x0800030c   0x00000006   Code   RO         6536    .ARM.Collect$$_printf_percent$$00000015  c_w.l(_printf_lc.o)
    0x08000312   0x08000312   0x00000006   Code   RO         6537    .ARM.Collect$$_printf_percent$$00000016  c_w.l(_printf_ls.o)
    0x08000318   0x08000318   0x00000004   Code   RO         6600    .ARM.Collect$$_printf_percent$$00000017  c_w.l(_printf_percent_end.o)
    0x0800031c   0x0800031c   0x00000002   Code   RO         6664    .ARM.Collect$$libinit$$00000000  c_w.l(libinit.o)
    0x0800031e   0x0800031e   0x00000004   Code   RO         6681    .ARM.Collect$$libinit$$00000001  c_w.l(libinit2.o)
    0x08000322   0x08000322   0x00000000   Code   RO         6684    .ARM.Collect$$libinit$$00000004  c_w.l(libinit2.o)
    0x08000322   0x08000322   0x00000000   Code   RO         6687    .ARM.Collect$$libinit$$0000000A  c_w.l(libinit2.o)
    0x08000322   0x08000322   0x00000000   Code   RO         6689    .ARM.Collect$$libinit$$0000000C  c_w.l(libinit2.o)
    0x08000322   0x08000322   0x00000000   Code   RO         6691    .ARM.Collect$$libinit$$0000000E  c_w.l(libinit2.o)
    0x08000322   0x08000322   0x00000006   Code   RO         6692    .ARM.Collect$$libinit$$0000000F  c_w.l(libinit2.o)
    0x08000328   0x08000328   0x00000000   Code   RO         6694    .ARM.Collect$$libinit$$00000011  c_w.l(libinit2.o)
    0x08000328   0x08000328   0x0000000c   Code   RO         6695    .ARM.Collect$$libinit$$00000012  c_w.l(libinit2.o)
    0x08000334   0x08000334   0x00000000   Code   RO         6696    .ARM.Collect$$libinit$$00000013  c_w.l(libinit2.o)
    0x08000334   0x08000334   0x00000000   Code   RO         6698    .ARM.Collect$$libinit$$00000015  c_w.l(libinit2.o)
    0x08000334   0x08000334   0x0000000a   Code   RO         6699    .ARM.Collect$$libinit$$00000016  c_w.l(libinit2.o)
    0x0800033e   0x0800033e   0x00000000   Code   RO         6700    .ARM.Collect$$libinit$$00000017  c_w.l(libinit2.o)
    0x0800033e   0x0800033e   0x00000000   Code   RO         6702    .ARM.Collect$$libinit$$00000019  c_w.l(libinit2.o)
    0x0800033e   0x0800033e   0x00000000   Code   RO         6704    .ARM.Collect$$libinit$$0000001B  c_w.l(libinit2.o)
    0x0800033e   0x0800033e   0x00000000   Code   RO         6706    .ARM.Collect$$libinit$$0000001D  c_w.l(libinit2.o)
    0x0800033e   0x0800033e   0x00000000   Code   RO         6708    .ARM.Collect$$libinit$$0000001F  c_w.l(libinit2.o)
    0x0800033e   0x0800033e   0x00000000   Code   RO         6710    .ARM.Collect$$libinit$$00000021  c_w.l(libinit2.o)
    0x0800033e   0x0800033e   0x00000000   Code   RO         6712    .ARM.Collect$$libinit$$00000023  c_w.l(libinit2.o)
    0x0800033e   0x0800033e   0x00000000   Code   RO         6714    .ARM.Collect$$libinit$$00000025  c_w.l(libinit2.o)
    0x0800033e   0x0800033e   0x00000000   Code   RO         6718    .ARM.Collect$$libinit$$0000002C  c_w.l(libinit2.o)
    0x0800033e   0x0800033e   0x00000000   Code   RO         6720    .ARM.Collect$$libinit$$0000002E  c_w.l(libinit2.o)
    0x0800033e   0x0800033e   0x00000000   Code   RO         6722    .ARM.Collect$$libinit$$00000030  c_w.l(libinit2.o)
    0x0800033e   0x0800033e   0x00000000   Code   RO         6724    .ARM.Collect$$libinit$$00000032  c_w.l(libinit2.o)
    0x0800033e   0x0800033e   0x00000002   Code   RO         6725    .ARM.Collect$$libinit$$00000033  c_w.l(libinit2.o)
    0x08000340   0x08000340   0x00000002   Code   RO         6756    .ARM.Collect$$libshutdown$$00000000  c_w.l(libshutdown.o)
    0x08000342   0x08000342   0x00000000   Code   RO         6782    .ARM.Collect$$libshutdown$$00000002  c_w.l(libshutdown2.o)
    0x08000342   0x08000342   0x00000000   Code   RO         6784    .ARM.Collect$$libshutdown$$00000004  c_w.l(libshutdown2.o)
    0x08000342   0x08000342   0x00000000   Code   RO         6786    .ARM.Collect$$libshutdown$$00000006  c_w.l(libshutdown2.o)
    0x08000342   0x08000342   0x00000000   Code   RO         6789    .ARM.Collect$$libshutdown$$00000009  c_w.l(libshutdown2.o)
    0x08000342   0x08000342   0x00000000   Code   RO         6792    .ARM.Collect$$libshutdown$$0000000C  c_w.l(libshutdown2.o)
    0x08000342   0x08000342   0x00000000   Code   RO         6794    .ARM.Collect$$libshutdown$$0000000E  c_w.l(libshutdown2.o)
    0x08000342   0x08000342   0x00000000   Code   RO         6797    .ARM.Collect$$libshutdown$$00000011  c_w.l(libshutdown2.o)
    0x08000342   0x08000342   0x00000002   Code   RO         6798    .ARM.Collect$$libshutdown$$00000012  c_w.l(libshutdown2.o)
    0x08000344   0x08000344   0x00000000   Code   RO         6437    .ARM.Collect$$rtentry$$00000000  c_w.l(__rtentry.o)
    0x08000344   0x08000344   0x00000000   Code   RO         6567    .ARM.Collect$$rtentry$$00000002  c_w.l(__rtentry2.o)
    0x08000344   0x08000344   0x00000006   Code   RO         6579    .ARM.Collect$$rtentry$$00000004  c_w.l(__rtentry4.o)
    0x0800034a   0x0800034a   0x00000000   Code   RO         6569    .ARM.Collect$$rtentry$$00000009  c_w.l(__rtentry2.o)
    0x0800034a   0x0800034a   0x00000004   Code   RO         6570    .ARM.Collect$$rtentry$$0000000A  c_w.l(__rtentry2.o)
    0x0800034e   0x0800034e   0x00000000   Code   RO         6572    .ARM.Collect$$rtentry$$0000000C  c_w.l(__rtentry2.o)
    0x0800034e   0x0800034e   0x00000008   Code   RO         6573    .ARM.Collect$$rtentry$$0000000D  c_w.l(__rtentry2.o)
    0x08000356   0x08000356   0x00000002   Code   RO         6671    .ARM.Collect$$rtexit$$00000000  c_w.l(rtexit.o)
    0x08000358   0x08000358   0x00000000   Code   RO         6729    .ARM.Collect$$rtexit$$00000002  c_w.l(rtexit2.o)
    0x08000358   0x08000358   0x00000004   Code   RO         6730    .ARM.Collect$$rtexit$$00000003  c_w.l(rtexit2.o)
    0x0800035c   0x0800035c   0x00000006   Code   RO         6731    .ARM.Collect$$rtexit$$00000004  c_w.l(rtexit2.o)
    0x08000362   0x08000362   0x00000002   PAD
    0x08000364   0x08000364   0x00000040   Code   RO            4    .text               startup_stm32g474xx.o
    0x080003a4   0x080003a4   0x000000ee   Code   RO         6390    .text               c_w.l(lludivv7m.o)
    0x08000492   0x08000492   0x00000002   PAD
    0x08000494   0x08000494   0x00000034   Code   RO         6392    .text               c_w.l(vsnprintf.o)
    0x080004c8   0x080004c8   0x0000001a   Code   RO         6394    .text               c_w.l(atoi.o)
    0x080004e2   0x080004e2   0x00000002   PAD
    0x080004e4   0x080004e4   0x0000000c   Code   RO         6396    .text               c_w.l(strtok.o)
    0x080004f0   0x080004f0   0x00000024   Code   RO         6399    .text               c_w.l(strstr.o)
    0x08000514   0x08000514   0x00000058   Code   RO         6401    .text               c_w.l(memcmp.o)
    0x0800056c   0x0800056c   0x00000048   Code   RO         6403    .text               c_w.l(strcpy.o)
    0x080005b4   0x080005b4   0x0000008a   Code   RO         6405    .text               c_w.l(rt_memcpy_v6.o)
    0x0800063e   0x0800063e   0x00000064   Code   RO         6407    .text               c_w.l(rt_memcpy_w.o)
    0x080006a2   0x080006a2   0x0000004e   Code   RO         6409    .text               c_w.l(rt_memclr_w.o)
    0x080006f0   0x080006f0   0x00000006   Code   RO         6411    .text               c_w.l(heapauxi.o)
    0x080006f6   0x080006f6   0x00000002   PAD
    0x080006f8   0x080006f8   0x00000008   Code   RO         6445    .text               c_w.l(rt_errno_addr_intlibspace.o)
    0x08000700   0x08000700   0x0000004e   Code   RO         6449    .text               c_w.l(_printf_pad.o)
    0x0800074e   0x0800074e   0x00000024   Code   RO         6451    .text               c_w.l(_printf_truncate.o)
    0x08000772   0x08000772   0x00000052   Code   RO         6453    .text               c_w.l(_printf_str.o)
    0x080007c4   0x080007c4   0x00000078   Code   RO         6455    .text               c_w.l(_printf_dec.o)
    0x0800083c   0x0800083c   0x00000028   Code   RO         6457    .text               c_w.l(_printf_charcount.o)
    0x08000864   0x08000864   0x00000030   Code   RO         6459    .text               c_w.l(_printf_char_common.o)
    0x08000894   0x08000894   0x0000000a   Code   RO         6461    .text               c_w.l(_sputc.o)
    0x0800089e   0x0800089e   0x00000010   Code   RO         6463    .text               c_w.l(_snputc.o)
    0x080008ae   0x080008ae   0x00000002   PAD
    0x080008b0   0x080008b0   0x000000bc   Code   RO         6465    .text               c_w.l(_printf_wctomb.o)
    0x0800096c   0x0800096c   0x0000007c   Code   RO         6468    .text               c_w.l(_printf_longlong_dec.o)
    0x080009e8   0x080009e8   0x00000070   Code   RO         6474    .text               c_w.l(_printf_oct_int_ll.o)
    0x08000a58   0x08000a58   0x00000094   Code   RO         6494    .text               c_w.l(_printf_hex_int_ll_ptr.o)
    0x08000aec   0x08000aec   0x00000188   Code   RO         6514    .text               c_w.l(__printf_flags_ss_wp.o)
    0x08000c74   0x08000c74   0x00000070   Code   RO         6540    .text               c_w.l(strtol.o)
    0x08000ce4   0x08000ce4   0x00000044   Code   RO         6542    .text               c_w.l(strtok_int.o)
    0x08000d28   0x08000d28   0x00000008   Code   RO         6563    .text               c_w.l(libspace.o)
    0x08000d30   0x08000d30   0x00000010   Code   RO         6581    .text               c_w.l(rt_ctype_table.o)
    0x08000d40   0x08000d40   0x0000008a   Code   RO         6585    .text               c_w.l(lludiv10.o)
    0x08000dca   0x08000dca   0x000000b2   Code   RO         6587    .text               c_w.l(_printf_intcommon.o)
    0x08000e7c   0x08000e7c   0x0000041e   Code   RO         6589    .text               c_w.l(_printf_fp_dec.o)
    0x0800129a   0x0800129a   0x00000002   PAD
    0x0800129c   0x0800129c   0x000002fc   Code   RO         6591    .text               c_w.l(_printf_fp_hex.o)
    0x08001598   0x08001598   0x0000002c   Code   RO         6596    .text               c_w.l(_printf_char.o)
    0x080015c4   0x080015c4   0x0000002c   Code   RO         6598    .text               c_w.l(_printf_wchar.o)
    0x080015f0   0x080015f0   0x0000009e   Code   RO         6601    .text               c_w.l(_strtoul.o)
    0x0800168e   0x0800168e   0x00000040   Code   RO         6603    .text               c_w.l(_wcrtomb.o)
    0x080016ce   0x080016ce   0x00000020   Code   RO         6605    .text               c_w.l(strcspn.o)
    0x080016ee   0x080016ee   0x0000001c   Code   RO         6607    .text               c_w.l(strspn.o)
    0x0800170a   0x0800170a   0x0000004a   Code   RO         6611    .text               c_w.l(sys_stackheap_outer.o)
    0x08001754   0x08001754   0x00000008   Code   RO         6616    .text               c_w.l(rt_locale_intlibspace.o)
    0x0800175c   0x0800175c   0x00000080   Code   RO         6618    .text               c_w.l(_printf_fp_infnan.o)
    0x080017dc   0x080017dc   0x0000001c   Code   RO         6620    .text               c_w.l(_chval.o)
    0x080017f8   0x080017f8   0x000000e4   Code   RO         6622    .text               c_w.l(bigflt0.o)
    0x080018dc   0x080018dc   0x00000012   Code   RO         6653    .text               c_w.l(exit.o)
    0x080018ee   0x080018ee   0x00000002   PAD
    0x080018f0   0x080018f0   0x00000080   Code   RO         6679    .text               c_w.l(strcmpv7m.o)
    0x08001970   0x08001970   0x0000000c   Code   RO         6726    .text               c_w.l(sys_exit.o)
    0x0800197c   0x0800197c   0x00000002   Code   RO         6745    .text               c_w.l(use_no_semi.o)
    0x0800197e   0x0800197e   0x00000000   Code   RO         6747    .text               c_w.l(indicate_semi.o)
    0x0800197e   0x0800197e   0x0000003e   Code   RO         6625    CL$$btod_d2e        c_w.l(btod.o)
    0x080019bc   0x080019bc   0x00000046   Code   RO         6627    CL$$btod_d2e_denorm_low  c_w.l(btod.o)
    0x08001a02   0x08001a02   0x00000060   Code   RO         6626    CL$$btod_d2e_norm_op1  c_w.l(btod.o)
    0x08001a62   0x08001a62   0x00000338   Code   RO         6635    CL$$btod_div_common  c_w.l(btod.o)
    0x08001d9a   0x08001d9a   0x000000dc   Code   RO         6632    CL$$btod_e2e        c_w.l(btod.o)
    0x08001e76   0x08001e76   0x0000002a   Code   RO         6629    CL$$btod_ediv       c_w.l(btod.o)
    0x08001ea0   0x08001ea0   0x0000002a   Code   RO         6628    CL$$btod_emul       c_w.l(btod.o)
    0x08001eca   0x08001eca   0x00000244   Code   RO         6634    CL$$btod_mult_common  c_w.l(btod.o)
    0x0800210e   0x0800210e   0x00000002   PAD
    0x08002110   0x08002110   0x0000000c   Code   RO          575    i.ADC1_2_IRQHandler  stm32g4xx_it.o
    0x0800211c   0x0800211c   0x0000000c   Code   RO          576    i.ADC3_IRQHandler   stm32g4xx_it.o
    0x08002128   0x08002128   0x0000005c   Code   RO         6116    i.Autocalibra       app_fun.o
    0x08002184   0x08002184   0x00000002   Code   RO          577    i.BusFault_Handler  stm32g4xx_it.o
    0x08002186   0x08002186   0x00000002   PAD
    0x08002188   0x08002188   0x0000000c   Code   RO          578    i.DMA1_Channel2_IRQHandler  stm32g4xx_it.o
    0x08002194   0x08002194   0x0000000c   Code   RO          579    i.DMA1_Channel4_IRQHandler  stm32g4xx_it.o
    0x080021a0   0x080021a0   0x00000040   Code   RO         2059    i.DMA_CalcDMAMUXChannelBaseAndMask  stm32g4xx_hal_dma.o
    0x080021e0   0x080021e0   0x00000024   Code   RO         2060    i.DMA_CalcDMAMUXRequestGenBaseAndMask  stm32g4xx_hal_dma.o
    0x08002204   0x08002204   0x00000002   Code   RO          580    i.DebugMon_Handler  stm32g4xx_it.o
    0x08002206   0x08002206   0x00000004   Code   RO           13    i.Error_Handler     main.o
    0x0800220a   0x0800220a   0x00000002   PAD
    0x0800220c   0x0800220c   0x00000058   Code   RO         6117    i.FaultReset        app_fun.o
    0x08002264   0x08002264   0x00000002   Code   RO          982    i.HAL_ADCEx_EndOfSamplingCallback  stm32g4xx_hal_adc_ex.o
    0x08002266   0x08002266   0x00000002   Code   RO          985    i.HAL_ADCEx_InjectedConvCpltCallback  stm32g4xx_hal_adc_ex.o
    0x08002268   0x08002268   0x00000002   Code   RO          988    i.HAL_ADCEx_InjectedQueueOverflowCallback  stm32g4xx_hal_adc_ex.o
    0x0800226a   0x0800226a   0x00000002   Code   RO          993    i.HAL_ADCEx_LevelOutOfWindow2Callback  stm32g4xx_hal_adc_ex.o
    0x0800226c   0x0800226c   0x00000002   Code   RO          994    i.HAL_ADCEx_LevelOutOfWindow3Callback  stm32g4xx_hal_adc_ex.o
    0x0800226e   0x0800226e   0x00000002   PAD
    0x08002270   0x08002270   0x00000150   Code   RO          995    i.HAL_ADCEx_MultiModeConfigChannel  stm32g4xx_hal_adc_ex.o
    0x080023c0   0x080023c0   0x00000464   Code   RO          742    i.HAL_ADC_ConfigChannel  stm32g4xx_hal_adc.o
    0x08002824   0x08002824   0x00000002   Code   RO          743    i.HAL_ADC_ConvCpltCallback  stm32g4xx_hal_adc.o
    0x08002826   0x08002826   0x00000002   Code   RO          746    i.HAL_ADC_ErrorCallback  stm32g4xx_hal_adc.o
    0x08002828   0x08002828   0x000002b8   Code   RO          750    i.HAL_ADC_IRQHandler  stm32g4xx_hal_adc.o
    0x08002ae0   0x08002ae0   0x00000234   Code   RO          751    i.HAL_ADC_Init      stm32g4xx_hal_adc.o
    0x08002d14   0x08002d14   0x00000002   Code   RO          752    i.HAL_ADC_LevelOutOfWindowCallback  stm32g4xx_hal_adc.o
    0x08002d16   0x08002d16   0x00000002   PAD
    0x08002d18   0x08002d18   0x00000198   Code   RO          267    i.HAL_ADC_MspInit   adc.o
    0x08002eb0   0x08002eb0   0x00000002   Code   RO         2862    i.HAL_DACEx_DMAUnderrunCallbackCh2  stm32g4xx_hal_dac_ex.o
    0x08002eb2   0x08002eb2   0x00000002   PAD
    0x08002eb4   0x08002eb4   0x000001c8   Code   RO         2716    i.HAL_DAC_ConfigChannel  stm32g4xx_hal_dac.o
    0x0800307c   0x0800307c   0x00000002   Code   RO         2719    i.HAL_DAC_DMAUnderrunCallbackCh1  stm32g4xx_hal_dac.o
    0x0800307e   0x0800307e   0x00000068   Code   RO         2725    i.HAL_DAC_IRQHandler  stm32g4xx_hal_dac.o
    0x080030e6   0x080030e6   0x00000028   Code   RO         2726    i.HAL_DAC_Init      stm32g4xx_hal_dac.o
    0x0800310e   0x0800310e   0x00000002   PAD
    0x08003110   0x08003110   0x0000006c   Code   RO          316    i.HAL_DAC_MspInit   dac.o
    0x0800317c   0x0800317c   0x00000024   Code   RO         2729    i.HAL_DAC_SetValue  stm32g4xx_hal_dac.o
    0x080031a0   0x080031a0   0x0000006a   Code   RO         2062    i.HAL_DMA_Abort     stm32g4xx_hal_dma.o
    0x0800320a   0x0800320a   0x00000078   Code   RO         2063    i.HAL_DMA_Abort_IT  stm32g4xx_hal_dma.o
    0x08003282   0x08003282   0x000000ba   Code   RO         2067    i.HAL_DMA_IRQHandler  stm32g4xx_hal_dma.o
    0x0800333c   0x0800333c   0x000000c0   Code   RO         2068    i.HAL_DMA_Init      stm32g4xx_hal_dma.o
    0x080033fc   0x080033fc   0x000001b0   Code   RO         1924    i.HAL_GPIO_Init     stm32g4xx_hal_gpio.o
    0x080035ac   0x080035ac   0x0000000a   Code   RO         1928    i.HAL_GPIO_WritePin  stm32g4xx_hal_gpio.o
    0x080035b6   0x080035b6   0x00000002   PAD
    0x080035b8   0x080035b8   0x0000000c   Code   RO         1203    i.HAL_GetTick       stm32g4xx_hal.o
    0x080035c4   0x080035c4   0x00000064   Code   RO         3001    i.HAL_IWDG_Init     stm32g4xx_hal_iwdg.o
    0x08003628   0x08003628   0x00000010   Code   RO         1209    i.HAL_IncTick       stm32g4xx_hal.o
    0x08003638   0x08003638   0x0000001e   Code   RO         1210    i.HAL_Init          stm32g4xx_hal.o
    0x08003656   0x08003656   0x00000002   PAD
    0x08003658   0x08003658   0x00000044   Code   RO         1211    i.HAL_InitTick      stm32g4xx_hal.o
    0x0800369c   0x0800369c   0x00000030   Code   RO          711    i.HAL_MspInit       stm32g4xx_hal_msp.o
    0x080036cc   0x080036cc   0x0000001a   Code   RO         2573    i.HAL_NVIC_EnableIRQ  stm32g4xx_hal_cortex.o
    0x080036e6   0x080036e6   0x00000002   PAD
    0x080036e8   0x080036e8   0x00000040   Code   RO         2579    i.HAL_NVIC_SetPriority  stm32g4xx_hal_cortex.o
    0x08003728   0x08003728   0x00000024   Code   RO         2580    i.HAL_NVIC_SetPriorityGrouping  stm32g4xx_hal_cortex.o
    0x0800374c   0x0800374c   0x000000bc   Code   RO         2327    i.HAL_PWREx_ControlVoltageScaling  stm32g4xx_hal_pwr_ex.o
    0x08003808   0x08003808   0x00000010   Code   RO         2339    i.HAL_PWREx_DisableUCPDDeadBattery  stm32g4xx_hal_pwr_ex.o
    0x08003818   0x08003818   0x00000318   Code   RO         1570    i.HAL_RCCEx_PeriphCLKConfig  stm32g4xx_hal_rcc_ex.o
    0x08003b30   0x08003b30   0x000001dc   Code   RO         1445    i.HAL_RCC_ClockConfig  stm32g4xx_hal_rcc.o
    0x08003d0c   0x08003d0c   0x0000000c   Code   RO         1451    i.HAL_RCC_GetHCLKFreq  stm32g4xx_hal_rcc.o
    0x08003d18   0x08003d18   0x00000024   Code   RO         1453    i.HAL_RCC_GetPCLK1Freq  stm32g4xx_hal_rcc.o
    0x08003d3c   0x08003d3c   0x00000024   Code   RO         1454    i.HAL_RCC_GetPCLK2Freq  stm32g4xx_hal_rcc.o
    0x08003d60   0x08003d60   0x00000070   Code   RO         1455    i.HAL_RCC_GetSysClockFreq  stm32g4xx_hal_rcc.o
    0x08003dd0   0x08003dd0   0x000003f4   Code   RO         1458    i.HAL_RCC_OscConfig  stm32g4xx_hal_rcc.o
    0x080041c4   0x080041c4   0x0000000c   Code   RO         5205    i.HAL_SPI_ErrorCallback  app_spi.o
    0x080041d0   0x080041d0   0x000000fc   Code   RO         3041    i.HAL_SPI_IRQHandler  stm32g4xx_hal_spi.o
    0x080042cc   0x080042cc   0x000000ea   Code   RO         3042    i.HAL_SPI_Init      stm32g4xx_hal_spi.o
    0x080043b6   0x080043b6   0x00000002   PAD
    0x080043b8   0x080043b8   0x0000009c   Code   RO          413    i.HAL_SPI_MspInit   spi.o
    0x08004454   0x08004454   0x00000002   Code   RO         3048    i.HAL_SPI_RxCpltCallback  stm32g4xx_hal_spi.o
    0x08004456   0x08004456   0x00000002   PAD
    0x08004458   0x08004458   0x000000bc   Code   RO         3053    i.HAL_SPI_TransmitReceive_IT  stm32g4xx_hal_spi.o
    0x08004514   0x08004514   0x0000000c   Code   RO         5206    i.HAL_SPI_TxRxCpltCallback  app_spi.o
    0x08004520   0x08004520   0x00000028   Code   RO         2584    i.HAL_SYSTICK_Config  stm32g4xx_hal_cortex.o
    0x08004548   0x08004548   0x00000002   Code   RO         4098    i.HAL_TIMEx_Break2Callback  stm32g4xx_hal_tim_ex.o
    0x0800454a   0x0800454a   0x00000002   Code   RO         4099    i.HAL_TIMEx_BreakCallback  stm32g4xx_hal_tim_ex.o
    0x0800454c   0x0800454c   0x00000002   Code   RO         4100    i.HAL_TIMEx_CommutCallback  stm32g4xx_hal_tim_ex.o
    0x0800454e   0x0800454e   0x00000002   Code   RO         4111    i.HAL_TIMEx_DirectionChangeCallback  stm32g4xx_hal_tim_ex.o
    0x08004550   0x08004550   0x00000002   Code   RO         4125    i.HAL_TIMEx_EncoderIndexCallback  stm32g4xx_hal_tim_ex.o
    0x08004552   0x08004552   0x00000002   Code   RO         4139    i.HAL_TIMEx_IndexErrorCallback  stm32g4xx_hal_tim_ex.o
    0x08004554   0x08004554   0x000000b8   Code   RO         4140    i.HAL_TIMEx_MasterConfigSynchronization  stm32g4xx_hal_tim_ex.o
    0x0800460c   0x0800460c   0x00000002   Code   RO         4161    i.HAL_TIMEx_TransitionErrorCallback  stm32g4xx_hal_tim_ex.o
    0x0800460e   0x0800460e   0x00000062   Code   RO         3384    i.HAL_TIM_Base_Init  stm32g4xx_hal_tim.o
    0x08004670   0x08004670   0x00000064   Code   RO          449    i.HAL_TIM_Base_MspInit  tim.o
    0x080046d4   0x080046d4   0x0000008c   Code   RO         3389    i.HAL_TIM_Base_Start_IT  stm32g4xx_hal_tim.o
    0x08004760   0x08004760   0x00000002   Code   RO         3418    i.HAL_TIM_IC_CaptureCallback  stm32g4xx_hal_tim.o
    0x08004762   0x08004762   0x000001a2   Code   RO         3432    i.HAL_TIM_IRQHandler  stm32g4xx_hal_tim.o
    0x08004904   0x08004904   0x00000050   Code   RO          450    i.HAL_TIM_MspPostInit  tim.o
    0x08004954   0x08004954   0x00000002   Code   RO         3435    i.HAL_TIM_OC_DelayElapsedCallback  stm32g4xx_hal_tim.o
    0x08004956   0x08004956   0x00000124   Code   RO         3456    i.HAL_TIM_PWM_ConfigChannel  stm32g4xx_hal_tim.o
    0x08004a7a   0x08004a7a   0x00000062   Code   RO         3459    i.HAL_TIM_PWM_Init  stm32g4xx_hal_tim.o
    0x08004adc   0x08004adc   0x00000028   Code   RO          452    i.HAL_TIM_PWM_MspInit  tim.o
    0x08004b04   0x08004b04   0x00000002   Code   RO         3462    i.HAL_TIM_PWM_PulseFinishedCallback  stm32g4xx_hal_tim.o
    0x08004b06   0x08004b06   0x00000002   Code   RO         3470    i.HAL_TIM_PeriodElapsedCallback  stm32g4xx_hal_tim.o
    0x08004b08   0x08004b08   0x00000002   Code   RO         3475    i.HAL_TIM_TriggerCallback  stm32g4xx_hal_tim.o
    0x08004b0a   0x08004b0a   0x0000003e   Code   RO         4947    i.HAL_UARTEx_DisableFifoMode  stm32g4xx_hal_uart_ex.o
    0x08004b48   0x08004b48   0x00000002   Code   RO         4536    i.HAL_UARTEx_RxEventCallback  stm32g4xx_hal_uart.o
    0x08004b4a   0x08004b4a   0x00000002   Code   RO         4955    i.HAL_UARTEx_RxFifoFullCallback  stm32g4xx_hal_uart_ex.o
    0x08004b4c   0x08004b4c   0x0000004c   Code   RO         4956    i.HAL_UARTEx_SetRxFifoThreshold  stm32g4xx_hal_uart_ex.o
    0x08004b98   0x08004b98   0x0000004c   Code   RO         4957    i.HAL_UARTEx_SetTxFifoThreshold  stm32g4xx_hal_uart_ex.o
    0x08004be4   0x08004be4   0x00000002   Code   RO         4959    i.HAL_UARTEx_TxFifoEmptyCallback  stm32g4xx_hal_uart_ex.o
    0x08004be6   0x08004be6   0x00000002   Code   RO         4960    i.HAL_UARTEx_WakeupCallback  stm32g4xx_hal_uart_ex.o
    0x08004be8   0x08004be8   0x00000002   Code   RO         4552    i.HAL_UART_ErrorCallback  stm32g4xx_hal_uart.o
    0x08004bea   0x08004bea   0x00000002   PAD
    0x08004bec   0x08004bec   0x0000031c   Code   RO         4555    i.HAL_UART_IRQHandler  stm32g4xx_hal_uart.o
    0x08004f08   0x08004f08   0x0000006a   Code   RO         4556    i.HAL_UART_Init     stm32g4xx_hal_uart.o
    0x08004f72   0x08004f72   0x00000002   PAD
    0x08004f74   0x08004f74   0x000001a8   Code   RO          521    i.HAL_UART_MspInit  usart.o
    0x0800511c   0x0800511c   0x00000048   Code   RO         4561    i.HAL_UART_Receive_IT  stm32g4xx_hal_uart.o
    0x08005164   0x08005164   0x000000d0   Code   RO         5146    i.HAL_UART_RxCpltCallback  app_uart.o
    0x08005234   0x08005234   0x000000ae   Code   RO         4565    i.HAL_UART_Transmit  stm32g4xx_hal_uart.o
    0x080052e2   0x080052e2   0x00000002   Code   RO         4568    i.HAL_UART_TxCpltCallback  stm32g4xx_hal_uart.o
    0x080052e4   0x080052e4   0x00000014   Code   RO         6118    i.HVhwversion       app_fun.o
    0x080052f8   0x080052f8   0x00000028   Code   RO         6119    i.HVswversion       app_fun.o
    0x08005320   0x08005320   0x00000002   Code   RO          581    i.HardFault_Handler  stm32g4xx_it.o
    0x08005322   0x08005322   0x00000002   Code   RO         6120    i.InqHVPS1LastVandC  app_fun.o
    0x08005324   0x08005324   0x00000018   Code   RO         6121    i.InqHVPSExpo_Count  app_fun.o
    0x0800533c   0x0800533c   0x00000018   Code   RO         6122    i.InqHVPSExpo_Time1  app_fun.o
    0x08005354   0x08005354   0x00000094   Code   RO         5478    i.InqHVPSFault      protect.o
    0x080053e8   0x080053e8   0x00000020   Code   RO         6123    i.InqHVPSTemp       app_fun.o
    0x08005408   0x08005408   0x00000034   Code   RO         6124    i.Inqautocalibra    app_fun.o
    0x0800543c   0x0800543c   0x00000002   Code   RO         6125    i.Inqixay1HVPSCurrentset  app_fun.o
    0x0800543e   0x0800543e   0x00000002   PAD
    0x08005440   0x08005440   0x0000001c   Code   RO         6126    i.Inqmaxtimeset     app_fun.o
    0x0800545c   0x0800545c   0x0000000c   Code   RO          765    i.LL_ADC_GetOffsetChannel  stm32g4xx_hal_adc.o
    0x08005468   0x08005468   0x00000008   Code   RO          766    i.LL_ADC_INJ_IsConversionOngoing  stm32g4xx_hal_adc.o
    0x08005470   0x08005470   0x00000008   Code   RO          767    i.LL_ADC_IsEnabled  stm32g4xx_hal_adc.o
    0x08005478   0x08005478   0x00000008   Code   RO          768    i.LL_ADC_REG_IsConversionOngoing  stm32g4xx_hal_adc.o
    0x08005480   0x08005480   0x00000008   Code   RO         1006    i.LL_ADC_REG_IsConversionOngoing  stm32g4xx_hal_adc_ex.o
    0x08005488   0x08005488   0x00000010   Code   RO          769    i.LL_ADC_REG_IsTriggerSourceSWStart  stm32g4xx_hal_adc.o
    0x08005498   0x08005498   0x0000001e   Code   RO          771    i.LL_ADC_SetChannelSamplingTime  stm32g4xx_hal_adc.o
    0x080054b6   0x080054b6   0x00000010   Code   RO          772    i.LL_ADC_SetOffsetState  stm32g4xx_hal_adc.o
    0x080054c6   0x080054c6   0x00000002   PAD
    0x080054c8   0x080054c8   0x00000058   Code   RO         6127    i.Lampcontrol       app_fun.o
    0x08005520   0x08005520   0x000000d4   Code   RO          268    i.MX_ADC2_Init      adc.o
    0x080055f4   0x080055f4   0x000000ec   Code   RO          269    i.MX_ADC3_Init      adc.o
    0x080056e0   0x080056e0   0x00000068   Code   RO          317    i.MX_DAC1_Init      dac.o
    0x08005748   0x08005748   0x0000004c   Code   RO          358    i.MX_DMA_Init       dma.o
    0x08005794   0x08005794   0x00000154   Code   RO          242    i.MX_GPIO_Init      gpio.o
    0x080058e8   0x080058e8   0x0000002c   Code   RO          382    i.MX_IWDG_Init      iwdg.o
    0x08005914   0x08005914   0x00000050   Code   RO          414    i.MX_SPI1_Init      spi.o
    0x08005964   0x08005964   0x00000070   Code   RO          453    i.MX_TIM5_Init      tim.o
    0x080059d4   0x080059d4   0x00000044   Code   RO          454    i.MX_TIM6_Init      tim.o
    0x08005a18   0x08005a18   0x00000048   Code   RO          455    i.MX_TIM7_Init      tim.o
    0x08005a60   0x08005a60   0x00000068   Code   RO          522    i.MX_UART4_Init     usart.o
    0x08005ac8   0x08005ac8   0x00000068   Code   RO          523    i.MX_UART5_Init     usart.o
    0x08005b30   0x08005b30   0x00000068   Code   RO          524    i.MX_USART3_UART_Init  usart.o
    0x08005b98   0x08005b98   0x00000002   Code   RO          582    i.MemManage_Handler  stm32g4xx_it.o
    0x08005b9a   0x08005b9a   0x00000002   Code   RO          583    i.NMI_Handler       stm32g4xx_it.o
    0x08005b9c   0x08005b9c   0x00000002   Code   RO          584    i.PendSV_Handler    stm32g4xx_it.o
    0x08005b9e   0x08005b9e   0x00000002   PAD
    0x08005ba0   0x08005ba0   0x0000003c   Code   RO         5479    i.Protect_Check_Slow  protect.o
    0x08005bdc   0x08005bdc   0x0000000c   Code   RO          585    i.SPI1_IRQHandler   stm32g4xx_it.o
    0x08005be8   0x08005be8   0x00000036   Code   RO         3060    i.SPI_2linesRxISR_16BIT  stm32g4xx_hal_spi.o
    0x08005c1e   0x08005c1e   0x00000066   Code   RO         3061    i.SPI_2linesRxISR_8BIT  stm32g4xx_hal_spi.o
    0x08005c84   0x08005c84   0x00000032   Code   RO         3062    i.SPI_2linesTxISR_16BIT  stm32g4xx_hal_spi.o
    0x08005cb6   0x08005cb6   0x00000048   Code   RO         3063    i.SPI_2linesTxISR_8BIT  stm32g4xx_hal_spi.o
    0x08005cfe   0x08005cfe   0x00000052   Code   RO         3066    i.SPI_CloseRxTx_ISR  stm32g4xx_hal_spi.o
    0x08005d50   0x08005d50   0x00000012   Code   RO         3069    i.SPI_DMAAbortOnError  stm32g4xx_hal_spi.o
    0x08005d62   0x08005d62   0x00000048   Code   RO         3080    i.SPI_EndRxTxTransaction  stm32g4xx_hal_spi.o
    0x08005daa   0x08005daa   0x00000002   PAD
    0x08005dac   0x08005dac   0x000000dc   Code   RO         3085    i.SPI_WaitFifoStateUntilTimeout  stm32g4xx_hal_spi.o
    0x08005e88   0x08005e88   0x000000b8   Code   RO         3086    i.SPI_WaitFlagStateUntilTimeout  stm32g4xx_hal_spi.o
    0x08005f40   0x08005f40   0x00000002   Code   RO          586    i.SVC_Handler       stm32g4xx_it.o
    0x08005f42   0x08005f42   0x00000002   PAD
    0x08005f44   0x08005f44   0x00000100   Code   RO         6128    i.SetHV1TubeVoltageandcurrent  app_fun.o
    0x08006044   0x08006044   0x00000002   Code   RO         6129    i.SetHVLampCurrent  app_fun.o
    0x08006046   0x08006046   0x00000002   PAD
    0x08006048   0x08006048   0x00000030   Code   RO         6130    i.SetHVPSMode       app_fun.o
    0x08006078   0x08006078   0x00000002   Code   RO         6131    i.SetHVTubeIdleVoltage  app_fun.o
    0x0800607a   0x0800607a   0x00000002   PAD
    0x0800607c   0x0800607c   0x00000044   Code   RO         6132    i.SetHVTubeRisingTime  app_fun.o
    0x080060c0   0x080060c0   0x00000002   Code   RO         6133    i.SetOnlinePI       app_fun.o
    0x080060c2   0x080060c2   0x00000002   PAD
    0x080060c4   0x080060c4   0x00000050   Code   RO         6134    i.Setmaxexpotime    app_fun.o
    0x08006114   0x08006114   0x0000000c   Code   RO         5103    i.StateMachine_Init  state_machine.o
    0x08006120   0x08006120   0x0000000c   Code   RO         5104    i.StateMachine_Run  state_machine.o
    0x0800612c   0x0800612c   0x00000002   Code   RO         6135    i.StoreLookupTable  app_fun.o
    0x0800612e   0x0800612e   0x00000002   Code   RO         6136    i.StoreLookupTableINQ  app_fun.o
    0x08006130   0x08006130   0x00000002   Code   RO         6137    i.StoreStatistics   app_fun.o
    0x08006132   0x08006132   0x00000004   Code   RO          587    i.SysTick_Handler   stm32g4xx_it.o
    0x08006136   0x08006136   0x0000006e   Code   RO           14    i.SystemClock_Config  main.o
    0x080061a4   0x080061a4   0x00000010   Code   RO         5066    i.SystemInit        system_stm32g4xx.o
    0x080061b4   0x080061b4   0x0000001c   Code   RO          588    i.TIM6_DAC_IRQHandler  stm32g4xx_it.o
    0x080061d0   0x080061d0   0x0000000c   Code   RO          589    i.TIM7_DAC_IRQHandler  stm32g4xx_it.o
    0x080061dc   0x080061dc   0x000000e4   Code   RO         3477    i.TIM_Base_SetConfig  stm32g4xx_hal_tim.o
    0x080062c0   0x080062c0   0x000000ac   Code   RO         3490    i.TIM_OC1_SetConfig  stm32g4xx_hal_tim.o
    0x0800636c   0x0800636c   0x000000a0   Code   RO         3491    i.TIM_OC2_SetConfig  stm32g4xx_hal_tim.o
    0x0800640c   0x0800640c   0x000000a0   Code   RO         3492    i.TIM_OC3_SetConfig  stm32g4xx_hal_tim.o
    0x080064ac   0x080064ac   0x000000a0   Code   RO         3493    i.TIM_OC4_SetConfig  stm32g4xx_hal_tim.o
    0x0800654c   0x0800654c   0x00000078   Code   RO         3494    i.TIM_OC5_SetConfig  stm32g4xx_hal_tim.o
    0x080065c4   0x080065c4   0x0000007c   Code   RO         3495    i.TIM_OC6_SetConfig  stm32g4xx_hal_tim.o
    0x08006640   0x08006640   0x0000000c   Code   RO          590    i.UART4_IRQHandler  stm32g4xx_it.o
    0x0800664c   0x0800664c   0x0000000c   Code   RO          591    i.UART5_IRQHandler  stm32g4xx_it.o
    0x08006658   0x08006658   0x00000044   Code   RO         4961    i.UARTEx_SetNbDataToProcess  stm32g4xx_hal_uart_ex.o
    0x0800669c   0x0800669c   0x000000c8   Code   RO         4570    i.UART_AdvFeatureConfig  stm32g4xx_hal_uart.o
    0x08006764   0x08006764   0x000000ac   Code   RO         4571    i.UART_CheckIdleState  stm32g4xx_hal_uart.o
    0x08006810   0x08006810   0x00000010   Code   RO         4572    i.UART_DMAAbortOnError  stm32g4xx_hal_uart.o
    0x08006820   0x08006820   0x00000054   Code   RO         4582    i.UART_EndRxTransfer  stm32g4xx_hal_uart.o
    0x08006874   0x08006874   0x000000c8   Code   RO         4584    i.UART_RxISR_16BIT  stm32g4xx_hal_uart.o
    0x0800693c   0x0800693c   0x0000019c   Code   RO         4585    i.UART_RxISR_16BIT_FIFOEN  stm32g4xx_hal_uart.o
    0x08006ad8   0x08006ad8   0x000000c8   Code   RO         4586    i.UART_RxISR_8BIT   stm32g4xx_hal_uart.o
    0x08006ba0   0x08006ba0   0x0000019c   Code   RO         4587    i.UART_RxISR_8BIT_FIFOEN  stm32g4xx_hal_uart.o
    0x08006d3c   0x08006d3c   0x00000298   Code   RO         4588    i.UART_SetConfig    stm32g4xx_hal_uart.o
    0x08006fd4   0x08006fd4   0x00000110   Code   RO         4590    i.UART_Start_Receive_IT  stm32g4xx_hal_uart.o
    0x080070e4   0x080070e4   0x00000092   Code   RO         4595    i.UART_WaitOnFlagUntilTimeout  stm32g4xx_hal_uart.o
    0x08007176   0x08007176   0x00000002   PAD
    0x08007178   0x08007178   0x0000000c   Code   RO          592    i.USART3_IRQHandler  stm32g4xx_it.o
    0x08007184   0x08007184   0x00000002   Code   RO          593    i.UsageFault_Handler  stm32g4xx_it.o
    0x08007186   0x08007186   0x00000030   Code   RO         6669    i.__ARM_fpclassify  m_wm.l(fpclassify.o)
    0x080071b6   0x080071b6   0x00000020   Code   RO         2586    i.__NVIC_SetPriority  stm32g4xx_hal_cortex.o
    0x080071d6   0x080071d6   0x0000000e   Code   RO         6507    i._is_digit         c_w.l(__printf_wp.o)
    0x080071e4   0x080071e4   0x00000100   Code   RO         5207    i.bsp_auto_write_sector  app_spi.o
    0x080072e4   0x080072e4   0x000000d0   Code   RO         5208    i.bsp_cmp_data      app_spi.o
    0x080073b4   0x080073b4   0x00000050   Code   RO         5210    i.bsp_erase_sector  app_spi.o
    0x08007404   0x08007404   0x000000b0   Code   RO         5211    i.bsp_page_write    app_spi.o
    0x080074b4   0x080074b4   0x000000a4   Code   RO         5212    i.bsp_read_buffer   app_spi.o
    0x08007558   0x08007558   0x00000050   Code   RO         5213    i.bsp_read_flash_id  app_spi.o
    0x080075a8   0x080075a8   0x00000080   Code   RO         5214    i.bsp_read_info     app_spi.o
    0x08007628   0x08007628   0x00000038   Code   RO         5215    i.bsp_spi_transfer  app_spi.o
    0x08007660   0x08007660   0x0000007c   Code   RO         5216    i.bsp_waitfor_write_end  app_spi.o
    0x080076dc   0x080076dc   0x000000d4   Code   RO         5217    i.bsp_write_buffer  app_spi.o
    0x080077b0   0x080077b0   0x0000003c   Code   RO         5218    i.bsp_write_enable  app_spi.o
    0x080077ec   0x080077ec   0x00000044   Code   RO         5752    i.calibrate_para_init  calibrate.o
    0x08007830   0x08007830   0x00000050   Code   RO         5816    i.cmd_parser        comm_protocol.o
    0x08007880   0x08007880   0x00000074   Code   RO         5957    i.cmd_parser_string  comm_string.o
    0x080078f4   0x080078f4   0x0000009c   Code   RO         5817    i.cmd_process       comm_protocol.o
    0x08007990   0x08007990   0x00000014   Code   RO         5631    i.config_HVEn_signal  xray.o
    0x080079a4   0x080079a4   0x00000018   Code   RO         5633    i.config_fault_signal  xray.o
    0x080079bc   0x080079bc   0x00000014   Code   RO         5634    i.config_filamentOn_signal  xray.o
    0x080079d0   0x080079d0   0x00000014   Code   RO         5635    i.config_mcuLock_signal  xray.o
    0x080079e4   0x080079e4   0x00000018   Code   RO         5636    i.config_ready_signal  xray.o
    0x080079fc   0x080079fc   0x00000014   Code   RO         5637    i.config_reset_signal  xray.o
    0x08007a10   0x08007a10   0x00000018   Code   RO         5638    i.config_xrayOn_signal  xray.o
    0x08007a28   0x08007a28   0x00000058   Code   RO         6138    i.debug_expo_ctrl   app_fun.o
    0x08007a80   0x08007a80   0x0000002c   Code   RO         5147    i.debug_tx3         app_uart.o
    0x08007aac   0x08007aac   0x00000010   Code   RO         5821    i.disable_filamentref  comm_protocol.o
    0x08007abc   0x08007abc   0x00000010   Code   RO         5822    i.disable_hvref     comm_protocol.o
    0x08007acc   0x08007acc   0x00000038   Code   RO         6139    i.exp1countclr      app_fun.o
    0x08007b04   0x08007b04   0x00000038   Code   RO         6140    i.exp1timeclr       app_fun.o
    0x08007b3c   0x08007b3c   0x00000018   Code   RO         5639    i.falut_led         xray.o
    0x08007b54   0x08007b54   0x00000084   Code   RO         5823    i.flash_table_init  comm_protocol.o
    0x08007bd8   0x08007bd8   0x00000002   Code   RO         6141    i.fun_null          app_fun.o
    0x08007bda   0x08007bda   0x00000002   PAD
    0x08007bdc   0x08007bdc   0x000000d8   Code   RO         5958    i.func_getTable     comm_string.o
    0x08007cb4   0x08007cb4   0x00000030   Code   RO         5959    i.func_setCurrRef   comm_string.o
    0x08007ce4   0x08007ce4   0x00000030   Code   RO         5960    i.func_setCurrRef_c  comm_string.o
    0x08007d14   0x08007d14   0x00000004   Code   RO         5961    i.func_setCurrvalue  comm_string.o
    0x08007d18   0x08007d18   0x00000004   Code   RO         5962    i.func_setCurrvalue_c  comm_string.o
    0x08007d1c   0x08007d1c   0x00000008   Code   RO         5219    i.get_flash_parament  app_spi.o
    0x08007d24   0x08007d24   0x0000000c   Code   RO         5826    i.get_hv_state      comm_protocol.o
    0x08007d30   0x08007d30   0x00000040   Code   RO         5963    i.init_para_table   comm_string.o
    0x08007d70   0x08007d70   0x0000000a   Code   RO         6142    i.invalid_cmd_reply  app_fun.o
    0x08007d7a   0x08007d7a   0x00000002   PAD
    0x08007d7c   0x08007d7c   0x00000030   Code   RO         6143    i.lamphwversion     app_fun.o
    0x08007dac   0x08007dac   0x00000014   Code   RO         6144    i.lampswversion     app_fun.o
    0x08007dc0   0x08007dc0   0x00000074   Code   RO           15    i.main              main.o
    0x08007e34   0x08007e34   0x0000004c   Code   RO         5828    i.message_check     comm_protocol.o
    0x08007e80   0x08007e80   0x00000264   Code   RO         5964    i.registerFunc_init  comm_string.o
    0x080080e4   0x080080e4   0x00000068   Code   RO         5148    i.restart_usart_receive  app_uart.o
    0x0800814c   0x0800814c   0x0000000c   Code   RO         5829    i.save_parament_to_flash  comm_protocol.o
    0x08008158   0x08008158   0x00000070   Code   RO         5149    i.send_message      app_uart.o
    0x080081c8   0x080081c8   0x00000080   Code   RO         5965    i.set_enable        comm_string.o
    0x08008248   0x08008248   0x00000060   Code   RO         5966    i.set_expo_mode     comm_string.o
    0x080082a8   0x080082a8   0x000000a0   Code   RO         5967    i.set_expo_time     comm_string.o
    0x08008348   0x08008348   0x00000068   Code   RO         5968    i.set_filament_onoff  comm_string.o
    0x080083b0   0x080083b0   0x000000c0   Code   RO         5969    i.set_filament_ref_onoff  comm_string.o
    0x08008470   0x08008470   0x00000028   Code   RO         5970    i.set_hv_on         comm_string.o
    0x08008498   0x08008498   0x0000000c   Code   RO         5830    i.set_hv_state      comm_protocol.o
    0x080084a4   0x080084a4   0x0000003c   Code   RO         5971    i.set_ref_onoff     comm_string.o
    0x080084e0   0x080084e0   0x000000f0   Code   RO         5972    i.set_ref_test      comm_string.o
    0x080085d0   0x080085d0   0x00000020   Code   RO         5973    i.set_reset         comm_string.o
    0x080085f0   0x080085f0   0x000000dc   Code   RO         5974    i.set_tube_vol_curr  comm_string.o
    0x080086cc   0x080086cc   0x00000060   Code   RO         5975    i.start_calibrate   comm_string.o
    0x0800872c   0x0800872c   0x00000094   Code   RO         5976    i.unpackCmd_savePara  comm_string.o
    0x080087c0   0x080087c0   0x00000008   Code   RO         5220    i.wirte_flash_parament  app_spi.o
    0x080087c8   0x080087c8   0x0000002c   Code   RO         5532    i.xray_CT_disable   exposure.o
    0x080087f4   0x080087f4   0x00000018   Code   RO         6346    i.xray_HV_enable_debug  debug_mode.o
    0x0800880c   0x0800880c   0x00000018   Code   RO         5831    i.xray_system_disable  comm_protocol.o
    0x08008824   0x08008824   0x00000028   Code   RO         6149    i.xsourcetype       app_fun.o
    0x0800884c   0x0800884c   0x0000002c   Code   RO         6648    locale$$code        c_w.l(lc_ctype_c.o)
    0x08008878   0x08008878   0x0000002c   Code   RO         6651    locale$$code        c_w.l(lc_numeric_c.o)
    0x080088a4   0x080088a4   0x0000000c   Code   RO         6546    x$fpl$dretinf       fz_wm.l(dretinf.o)
    0x080088b0   0x080088b0   0x00000056   Code   RO         6429    x$fpl$f2d           fz_wm.l(f2d.o)
    0x08008906   0x08008906   0x0000008c   Code   RO         6550    x$fpl$fnaninf       fz_wm.l(fnaninf.o)
    0x08008992   0x08008992   0x0000000a   Code   RO         6741    x$fpl$fpinit        fz_wm.l(fpinit.o)
    0x0800899c   0x0800899c   0x00000004   Code   RO         6554    x$fpl$printf1       fz_wm.l(printf1.o)
    0x080089a0   0x080089a0   0x00000004   Code   RO         6556    x$fpl$printf2       fz_wm.l(printf2.o)
    0x080089a4   0x080089a4   0x00000000   Code   RO         6562    x$fpl$usenofp       fz_wm.l(usenofp.o)
    0x080089a4   0x080089a4   0x00000018   Data   RO         4596    .constdata          stm32g4xx_hal_uart.o
    0x080089bc   0x080089bc   0x00000010   Data   RO         4962    .constdata          stm32g4xx_hal_uart_ex.o
    0x080089cc   0x080089cc   0x00000010   Data   RO         5067    .constdata          system_stm32g4xx.o
    0x080089dc   0x080089dc   0x00000008   Data   RO         5068    .constdata          system_stm32g4xx.o
    0x080089e4   0x080089e4   0x00000018   Data   RO         5483    .constdata          protect.o
    0x080089fc   0x080089fc   0x00000030   Data   RO         5837    .constdata          comm_protocol.o
    0x08008a2c   0x08008a2c   0x0000009c   Data   RO         5978    .constdata          comm_string.o
    0x08008ac8   0x08008ac8   0x00000008   Data   RO         6466    .constdata          c_w.l(_printf_wctomb.o)
    0x08008ad0   0x08008ad0   0x00000028   Data   RO         6495    .constdata          c_w.l(_printf_hex_int_ll_ptr.o)
    0x08008af8   0x08008af8   0x00000011   Data   RO         6515    .constdata          c_w.l(__printf_flags_ss_wp.o)
    0x08008b09   0x08008b09   0x00000026   Data   RO         6592    .constdata          c_w.l(_printf_fp_hex.o)
    0x08008b2f   0x08008b2f   0x00000001   PAD
    0x08008b30   0x08008b30   0x00000094   Data   RO         6623    .constdata          c_w.l(bigflt0.o)
    0x08008bc4   0x08008bc4   0x00000020   Data   RO         6799    Region$$Table       anon$$obj.o
    0x08008be4   0x08008be4   0x00000110   Data   RO         6647    locale$$data        c_w.l(lc_ctype_c.o)
    0x08008cf4   0x08008cf4   0x0000001c   Data   RO         6650    locale$$data        c_w.l(lc_numeric_c.o)


    Execution Region RW_IRAM1 (Exec base: 0x20000000, Load base: 0x08008d10, Size: 0x000042f8, Max: 0x00020000, ABSOLUTE, COMPRESSED[0x00000198])

    Exec Addr    Load Addr    Size         Type   Attr      Idx    E Section Name        Object

    0x20000000   COMPRESSED   0x0000000c   Data   RW         1230    .data               stm32g4xx_hal.o
    0x2000000c   COMPRESSED   0x00000004   Data   RW         5069    .data               system_stm32g4xx.o
    0x20000010   COMPRESSED   0x00000001   Data   RW         5105    .data               state_machine.o
    0x20000011   COMPRESSED   0x00000003   PAD
    0x20000014   COMPRESSED   0x00000008   Data   RW         5222    .data               app_spi.o
    0x2000001c   COMPRESSED   0x00000002   Data   RW         5484    .data               protect.o
    0x2000001e   COMPRESSED   0x00000002   PAD
    0x20000020   COMPRESSED   0x000000a4   Data   RW         5838    .data               comm_protocol.o
    0x200000c4   COMPRESSED   0x00000024   Data   RW         5840    .data               comm_protocol.o
    0x200000e8   COMPRESSED   0x00000060   Data   RW         5841    .data               comm_protocol.o
    0x20000148   COMPRESSED   0x0000000a   Data   RW         5842    .data               comm_protocol.o
    0x20000152   COMPRESSED   0x00000002   PAD
    0x20000154   COMPRESSED   0x00000168   Data   RW         6150    .data               app_fun.o
    0x200002bc   COMPRESSED   0x00000004   Data   RW         6397    .data               c_w.l(strtok.o)
    0x200002c0        -       0x00000198   Zero   RW          270    .bss                adc.o
    0x20000458        -       0x00000014   Zero   RW          318    .bss                dac.o
    0x2000046c        -       0x00000010   Zero   RW          383    .bss                iwdg.o
    0x2000047c        -       0x000000e4   Zero   RW          456    .bss                tim.o
    0x20000560        -       0x000001bc   Zero   RW          525    .bss                usart.o
    0x2000071c        -       0x00000288   Zero   RW         5151    .bss                app_uart.o
    0x200009a4        -       0x00003080   Zero   RW         5221    .bss                app_spi.o
    0x20003a24        -       0x0000000c   Zero   RW         5482    .bss                protect.o
    0x20003a30        -       0x0000005c   Zero   RW         5533    .bss                exposure.o
    0x20003a8c        -       0x00000024   Zero   RW         5758    .bss                calibrate.o
    0x20003ab0        -       0x00000038   Zero   RW         5836    .bss                comm_protocol.o
    0x20003ae8        -       0x00000198   Zero   RW         5977    .bss                comm_string.o
    0x20003c80        -       0x00000014   Zero   RW         6348    .bss                debug_mode.o
    0x20003c94        -       0x00000060   Zero   RW         6564    .bss                c_w.l(libspace.o)
    0x20003cf4   COMPRESSED   0x00000004   PAD
    0x20003cf8        -       0x00000200   Zero   RW            2    HEAP                startup_stm32g474xx.o
    0x20003ef8        -       0x00000400   Zero   RW            1    STACK               startup_stm32g474xx.o


==============================================================================

Image component sizes


      Code (inc. data)   RO Data    RW Data    ZI Data      Debug   Object Name

       856         82          0          0        408       2994   adc.o
      1276        146          0        360          0      18651   app_fun.o
      1584        160          0          8      12416      12589   app_spi.o
       468         80          0          0        648       4915   app_uart.o
        68         20          0          0         36       2267   calibrate.o
       536         98         48        306         56      12100   comm_protocol.o
      2628        970        156          0        408      15514   comm_string.o
       212         18          0          0         20       1753   dac.o
        24          0          0          0         20       1871   debug_mode.o
        76          4          0          0          0        822   dma.o
        44          0          0          0         92       2562   exposure.o
       340         24          0          0          0       1115   gpio.o
        44          8          0          0         16        735   iwdg.o
       230         10          0          0          0     946089   main.o
       208         20         24          2         12       5906   protect.o
       236         22          0          0          0       1553   spi.o
        64         26        472          0       1536        856   startup_stm32g474xx.o
        24          8          0          1          0       1557   state_machine.o
       126         20          0         12          0       3765   stm32g4xx_hal.o
      2488        138          0          0          0      79362   stm32g4xx_hal_adc.o
       354         24          0          0          0      72344   stm32g4xx_hal_adc_ex.o
       198         14          0          0          0      33887   stm32g4xx_hal_cortex.o
       638         10          0          0          0       5116   stm32g4xx_hal_dac.o
         2          0          0          0          0       1055   stm32g4xx_hal_dac_ex.o
       704         30          0          0          0       4947   stm32g4xx_hal_dma.o
       442         32          0          0          0       2256   stm32g4xx_hal_gpio.o
       100          0          0          0          0       1348   stm32g4xx_hal_iwdg.o
        48          6          0          0          0        862   stm32g4xx_hal_msp.o
       204         18          0          0          0       1465   stm32g4xx_hal_pwr_ex.o
      1684         98          0          0          0       7092   stm32g4xx_hal_rcc.o
       792         10          0          0          0       2100   stm32g4xx_hal_rcc_ex.o
      1530         32          0          0          0      10822   stm32g4xx_hal_spi.o
      2180        244          0          0          0      15120   stm32g4xx_hal_tim.o
       198         34          0          0          0       5796   stm32g4xx_hal_tim_ex.o
      3932        146         24          0          0      37342   stm32g4xx_hal_uart.o
       288          6         16          0          0       5546   stm32g4xx_hal_uart_ex.o
       156         64          0          0          0       8986   stm32g4xx_it.o
        16          4         24          4          0       1143   system_stm32g4xx.o
       472         62          0          0        228       4148   tim.o
       736         62          0          0        444       3404   usart.o
       176         34          0          0          0       4053   xray.o

    ----------------------------------------------------------------------
     26430       2784        796        700      16340    1345808   Object Totals
         0          0         32          0          0          0   (incl. Generated)
        48          0          0          7          0          0   (incl. Padding)

    ----------------------------------------------------------------------

      Code (inc. data)   RO Data    RW Data    ZI Data      Debug   Library Member Name

        90          0          0          0          0          0   __dczerorl2.o
         8          0          0          0          0         68   __main.o
       392          4         17          0          0         92   __printf_flags_ss_wp.o
        14          0          0          0          0         68   __printf_wp.o
         0          0          0          0          0          0   __rtentry.o
        12          0          0          0          0          0   __rtentry2.o
         6          0          0          0          0          0   __rtentry4.o
        52          8          0          0          0          0   __scatter.o
        28          0          0          0          0          0   __scatter_zi.o
        28          0          0          0          0         68   _chval.o
         6          0          0          0          0          0   _printf_a.o
         6          0          0          0          0          0   _printf_c.o
        44          0          0          0          0        108   _printf_char.o
        48          6          0          0          0         96   _printf_char_common.o
        40          0          0          0          0         68   _printf_charcount.o
         6          0          0          0          0          0   _printf_d.o
       120         16          0          0          0         92   _printf_dec.o
         6          0          0          0          0          0   _printf_e.o
         6          0          0          0          0          0   _printf_f.o
      1054          0          0          0          0        216   _printf_fp_dec.o
       764          8         38          0          0        100   _printf_fp_hex.o
       128         16          0          0          0         84   _printf_fp_infnan.o
         6          0          0          0          0          0   _printf_g.o
       148          4         40          0          0        160   _printf_hex_int_ll_ptr.o
         6          0          0          0          0          0   _printf_i.o
       178          0          0          0          0         88   _printf_intcommon.o
        10          0          0          0          0          0   _printf_l.o
         6          0          0          0          0          0   _printf_lc.o
        10          0          0          0          0          0   _printf_ll.o
         6          0          0          0          0          0   _printf_lld.o
         6          0          0          0          0          0   _printf_lli.o
         6          0          0          0          0          0   _printf_llo.o
         6          0          0          0          0          0   _printf_llu.o
         6          0          0          0          0          0   _printf_llx.o
       124         16          0          0          0         92   _printf_longlong_dec.o
         6          0          0          0          0          0   _printf_ls.o
         6          0          0          0          0          0   _printf_n.o
         6          0          0          0          0          0   _printf_o.o
       112         10          0          0          0        124   _printf_oct_int_ll.o
         6          0          0          0          0          0   _printf_p.o
        78          0          0          0          0        108   _printf_pad.o
         0          0          0          0          0          0   _printf_percent.o
         4          0          0          0          0          0   _printf_percent_end.o
         6          0          0          0          0          0   _printf_s.o
        82          0          0          0          0         80   _printf_str.o
        36          0          0          0          0         84   _printf_truncate.o
         6          0          0          0          0          0   _printf_u.o
        44          0          0          0          0        108   _printf_wchar.o
       188          6          8          0          0         92   _printf_wctomb.o
         6          0          0          0          0          0   _printf_x.o
        16          0          0          0          0         68   _snputc.o
        10          0          0          0          0         68   _sputc.o
       158          0          0          0          0         92   _strtoul.o
        64          0          0          0          0         92   _wcrtomb.o
        26          0          0          0          0         80   atoi.o
       228          4        148          0          0         96   bigflt0.o
      1936        128          0          0          0        672   btod.o
        18          0          0          0          0         80   exit.o
         6          0          0          0          0        152   heapauxi.o
         0          0          0          0          0          0   indicate_semi.o
        44         10        272          0          0         76   lc_ctype_c.o
        44         10         28          0          0         76   lc_numeric_c.o
         2          0          0          0          0          0   libinit.o
        34          0          0          0          0          0   libinit2.o
         2          0          0          0          0          0   libshutdown.o
         2          0          0          0          0          0   libshutdown2.o
         8          4          0          0         96         68   libspace.o
       138          0          0          0          0         80   lludiv10.o
       238          0          0          0          0        100   lludivv7m.o
        88          0          0          0          0         76   memcmp.o
        16          4          0          0          0         76   rt_ctype_table.o
         8          4          0          0          0         68   rt_errno_addr_intlibspace.o
         8          4          0          0          0         68   rt_locale_intlibspace.o
        78          0          0          0          0         80   rt_memclr_w.o
       138          0          0          0          0         68   rt_memcpy_v6.o
       100          0          0          0          0         80   rt_memcpy_w.o
         2          0          0          0          0          0   rtexit.o
        10          0          0          0          0          0   rtexit2.o
       128          0          0          0          0         68   strcmpv7m.o
        72          0          0          0          0         80   strcpy.o
        32          0          0          0          0         80   strcspn.o
        28          0          0          0          0         80   strspn.o
        36          0          0          0          0         80   strstr.o
        12          6          0          4          0         68   strtok.o
        68          4          0          0          0         84   strtok_int.o
       112          0          0          0          0         88   strtol.o
        12          4          0          0          0         68   sys_exit.o
        74          0          0          0          0         80   sys_stackheap_outer.o
         2          0          0          0          0         68   use_no_semi.o
        52          4          0          0          0         80   vsnprintf.o
        12          0          0          0          0        116   dretinf.o
        86          4          0          0          0        132   f2d.o
       140          4          0          0          0        132   fnaninf.o
        10          0          0          0          0        116   fpinit.o
         4          0          0          0          0        116   printf1.o
         4          0          0          0          0        116   printf2.o
         0          0          0          0          0          0   usenofp.o
        48          0          0          0          0        124   fpclassify.o

    ----------------------------------------------------------------------
      8334        288        552          4        100       6088   Library Totals
        18          0          1          0          4          0   (incl. Padding)

    ----------------------------------------------------------------------

      Code (inc. data)   RO Data    RW Data    ZI Data      Debug   Library Name

      8012        280        551          4         96       5236   c_w.l
       256          8          0          0          0        728   fz_wm.l
        48          0          0          0          0        124   m_wm.l

    ----------------------------------------------------------------------
      8334        288        552          4        100       6088   Library Totals

    ----------------------------------------------------------------------

==============================================================================


      Code (inc. data)   RO Data    RW Data    ZI Data      Debug   

     34764       3072       1348        704      16440    1323832   Grand Totals
     34764       3072       1348        408      16440    1323832   ELF Image Totals (compressed)
     34764       3072       1348        408          0          0   ROM Totals

==============================================================================

    Total RO  Size (Code + RO Data)                36112 (  35.27kB)
    Total RW  Size (RW Data + ZI Data)             17144 (  16.74kB)
    Total ROM Size (Code + RO Data + RW Data)      36520 (  35.66kB)

==============================================================================

